46.146.108.221 - - [06/Dec/2020:14:12:23 +0300] "GET /wp-content/cache/minify/46863.js HTTP/2" 200 3878 "https://weblampa.ru/itil-itsm/slovar-terminov-itil-na-russkom-yazyike-v.html" "Mozilla/5.0 (Windows NT 10.0; Win64; x64) AppleWebKit/537.36 (KHTML, like Gecko) Chrome/70.0.3538.102 Safari/537.36 Edge/18.18363"
46.146.108.221 - - [06/Dec/2020:14:12:23 +0300] "GET /wp-content/cache/minify/f8767.js HTTP/2" 200 440 "https://weblampa.ru/itil-itsm/slovar-terminov-itil-na-russkom-yazyike-v.html" "Mozilla/5.0 (Windows NT 10.0; Win64; x64) AppleWebKit/537.36 (KHTML, like Gecko) Chrome/70.0.3538.102 Safari/537.36 Edge/18.18363"
46.146.108.221 - - [06/Dec/2020:14:12:23 +0300] "GET /wp-content/cache/minify/72637.js HTTP/2" 200 2064 "https://weblampa.ru/itil-itsm/slovar-terminov-itil-na-russkom-yazyike-v.html" "Mozilla/5.0 (Windows NT 10.0; Win64; x64) AppleWebKit/537.36 (KHTML, like Gecko) Chrome/70.0.3538.102 Safari/537.36 Edge/18.18363"
46.146.108.221 - - [06/Dec/2020:14:12:23 +0300] "GET /wp-includes/js/wp-emoji-release.min.js?ver=5.4.2 HTTP/2" 200 4276 "https://weblampa.ru/itil-itsm/slovar-terminov-itil-na-russkom-yazyike-v.html" "Mozilla/5.0 (Windows NT 10.0; Win64; x64) AppleWebKit/537.36 (KHTML, like Gecko) Chrome/70.0.3538.102 Safari/537.36 Edge/18.18363"
46.146.108.221 - - [06/Dec/2020:14:12:23 +0300] "GET /wp-content/themes/flat/assets/fonts/fontawesome-webfont.woff2?v=4.3.0 HTTP/2" 200 56780 "https://weblampa.ru/itil-itsm/slovar-terminov-itil-na-russkom-yazyike-v.html" "Mozilla/5.0 (Windows NT 10.0; Win64; x64) AppleWebKit/537.36 (KHTML, like Gecko) Chrome/70.0.3538.102 Safari/537.36 Edge/18.18363"
46.146.108.221 - - [06/Dec/2020:14:12:23 +0300] "GET /wp-content/uploads/2016/04/kronos_at_mars_cc_by_macrebisz.jpg HTTP/2" 200 689920 "https://weblampa.ru/itil-itsm/slovar-terminov-itil-na-russkom-yazyike-v.html" "Mozilla/5.0 (Windows NT 10.0; Win64; x64) AppleWebKit/537.36 (KHTML, like Gecko) Chrome/70.0.3538.102 Safari/537.36 Edge/18.18363"
46.146.108.221 - - [06/Dec/2020:14:12:24 +0300] "GET /wp-content/plugins/simple-scroll-to-top-button/inc/lib/font-awesome/fonts/fontawesome-webfont.woff2?v=4.7.0 HTTP/2" 200 77160 "https://weblampa.ru/itil-itsm/slovar-terminov-itil-na-russkom-yazyike-v.html" "Mozilla/5.0 (Windows NT 10.0; Win64; x64) AppleWebKit/537.36 (KHTML, like Gecko) Chrome/70.0.3538.102 Safari/537.36 Edge/18.18363"
46.146.108.221 - - [06/Dec/2020:14:12:25 +0300] "GET /wp-content/uploads/2016/03/cropped-Lamp-32x32.png HTTP/2" 200 1393 "-" "Mozilla/5.0 (Windows NT 10.0; Win64; x64) AppleWebKit/537.36 (KHTML, like Gecko) Chrome/70.0.3538.102 Safari/537.36 Edge/18.18363"
13.66.139.14 - - [06/Dec/2020:14:14:11 +0300] "GET / HTTP/1.1" 302 682 "-" "Mozilla/5.0 (compatible; bingbot/2.0; +http://www.bing.com/bingbot.htm)"
5.255.231.75 - - [06/Dec/2020:14:14:54 +0300] "GET / HTTP/1.1" 302 682 "-" "Mozilla/5.0 (compatible; YandexMetrika/2.0; +http://yandex.com/bots yabs01)"
5.45.207.74 - - [06/Dec/2020:14:14:55 +0300] "GET / HTTP/1.1" 200 24755 "-" "Mozilla/5.0 (compatible; YandexMetrika/2.0; +http://yandex.com/bots yabs01)"
23.236.167.184 - - [06/Dec/2020:14:15:34 +0300] "GET / HTTP/1.1" 302 682 "http://weblampa.ru/" "Mozilla/5.0 (Macintosh; Intel Mac OS X 10_12_6) AppleWebKit/537.36 (KHTML, like Gecko) Chrome/66.0.3359.170 Safari/537.36"
23.236.167.184 - - [06/Dec/2020:14:15:36 +0300] "GET / HTTP/1.1" 200 24755 "-" "Mozilla/5.0 (Macintosh; Intel Mac OS X 10_12_6) AppleWebKit/537.36 (KHTML, like Gecko) Chrome/66.0.3359.170 Safari/537.36"
185.87.196.23 - - [06/Dec/2020:14:15:38 +0300] "POST /wp-cron.php?doing_wp_cron=1607253338.6713669300079345703125 HTTP/1.1" 200 - "https://weblampa.ru/wp-cron.php?doing_wp_cron=1607253338.6713669300079345703125" "WordPress/5.4.2; https://weblampa.ru"
23.236.167.184 - - [06/Dec/2020:14:15:38 +0300] "GET /wp-login.php?action=register HTTP/1.1" 404 9152 "https://weblampa.ru/" "Mozilla/5.0 (Macintosh; Intel Mac OS X 10_12_6) AppleWebKit/537.36 (KHTML, like Gecko) Chrome/66.0.3359.170 Safari/537.36"
23.236.167.184 - - [06/Dec/2020:14:15:40 +0300] "GET /wp-login.php?action=register HTTP/1.1" 404 9152 "https://weblampa.ru/wp-login.php?action=register" "Mozilla/5.0 (Macintosh; Intel Mac OS X 10_12_6) AppleWebKit/537.36 (KHTML, like Gecko) Chrome/66.0.3359.170 Safari/537.36"
95.165.25.60 - - [06/Dec/2020:14:16:08 +0300] "GET /it-poleznyashki/spravochnik-po-nastroykam-bios.html HTTP/2" 200 56513 "https://yandex.ru/" "Mozilla/5.0 (Android 10; Mobile; rv:83.0) Gecko/83.0 Firefox/83.0"
95.165.25.60 - - [06/Dec/2020:14:16:09 +0300] "GET /wp-content/cache/minify/75021.css HTTP/2" 200 17546 "https://weblampa.ru/it-poleznyashki/spravochnik-po-nastroykam-bios.html" "Mozilla/5.0 (Android 10; Mobile; rv:83.0) Gecko/83.0 Firefox/83.0"
95.165.25.60 - - [06/Dec/2020:14:16:09 +0300] "GET /wp-content/cache/minify/348fa.css HTTP/2" 200 27963 "https://weblampa.ru/it-poleznyashki/spravochnik-po-nastroykam-bios.html" "Mozilla/5.0 (Android 10; Mobile; rv:83.0) Gecko/83.0 Firefox/83.0"
95.165.25.60 - - [06/Dec/2020:14:16:09 +0300] "GET /wp-content/cache/minify/f6b37.js HTTP/2" 200 46427 "https://weblampa.ru/it-poleznyashki/spravochnik-po-nastroykam-bios.html" "Mozilla/5.0 (Android 10; Mobile; rv:83.0) Gecko/83.0 Firefox/83.0"
95.165.25.60 - - [06/Dec/2020:14:16:09 +0300] "GET /wp-includes/js/wp-emoji-release.min.js?ver=5.4.2 HTTP/2" 200 4276 "https://weblampa.ru/it-poleznyashki/spravochnik-po-nastroykam-bios.html" "Mozilla/5.0 (Android 10; Mobile; rv:83.0) Gecko/83.0 Firefox/83.0"
95.165.25.60 - - [06/Dec/2020:14:16:09 +0300] "GET /wp-content/uploads/2016/03/Lamplogo1.png HTTP/2" 200 9627 "https://weblampa.ru/it-poleznyashki/spravochnik-po-nastroykam-bios.html" "Mozilla/5.0 (Android 10; Mobile; rv:83.0) Gecko/83.0 Firefox/83.0"
95.165.25.60 - - [06/Dec/2020:14:16:09 +0300] "GET /wp-content/cache/minify/f8767.js HTTP/2" 200 440 "https://weblampa.ru/it-poleznyashki/spravochnik-po-nastroykam-bios.html" "Mozilla/5.0 (Android 10; Mobile; rv:83.0) Gecko/83.0 Firefox/83.0"
95.165.25.60 - - [06/Dec/2020:14:16:09 +0300] "GET /wp-content/cache/minify/c2bba.js HTTP/2" 200 505 "https://weblampa.ru/it-poleznyashki/spravochnik-po-nastroykam-bios.html" "Mozilla/5.0 (Android 10; Mobile; rv:83.0) Gecko/83.0 Firefox/83.0"
95.165.25.60 - - [06/Dec/2020:14:16:09 +0300] "GET /wp-content/cache/minify/0661a.js HTTP/2" 200 1564 "https://weblampa.ru/it-poleznyashki/spravochnik-po-nastroykam-bios.html" "Mozilla/5.0 (Android 10; Mobile; rv:83.0) Gecko/83.0 Firefox/83.0"
95.165.25.60 - - [06/Dec/2020:14:16:09 +0300] "GET /wp-content/cache/minify/72637.js HTTP/2" 200 2064 "https://weblampa.ru/it-poleznyashki/spravochnik-po-nastroykam-bios.html" "Mozilla/5.0 (Android 10; Mobile; rv:83.0) Gecko/83.0 Firefox/83.0"
95.165.25.60 - - [06/Dec/2020:14:16:09 +0300] "GET /wp-content/cache/minify/46863.js HTTP/2" 200 3878 "https://weblampa.ru/it-poleznyashki/spravochnik-po-nastroykam-bios.html" "Mozilla/5.0 (Android 10; Mobile; rv:83.0) Gecko/83.0 Firefox/83.0"
95.165.25.60 - - [06/Dec/2020:14:16:09 +0300] "GET /wp-content/themes/flat/assets/fonts/fontawesome-webfont.woff2?v=4.3.0 HTTP/2" 200 56780 "https://weblampa.ru/wp-content/cache/minify/348fa.css" "Mozilla/5.0 (Android 10; Mobile; rv:83.0) Gecko/83.0 Firefox/83.0"
95.165.25.60 - - [06/Dec/2020:14:16:09 +0300] "GET /wp-content/uploads/2016/04/kronos_at_mars_cc_by_macrebisz.jpg HTTP/2" 200 689920 "https://weblampa.ru/it-poleznyashki/spravochnik-po-nastroykam-bios.html" "Mozilla/5.0 (Android 10; Mobile; rv:83.0) Gecko/83.0 Firefox/83.0"
95.165.25.60 - - [06/Dec/2020:14:16:09 +0300] "GET /wp-content/uploads/2016/03/cropped-Lamp-180x180.png HTTP/2" 200 12136 "-" "Mozilla/5.0 (Android 10; Mobile; rv:83.0) Gecko/83.0 Firefox/83.0"
158.255.46.94 - - [06/Dec/2020:14:18:53 +0300] "GET /wp-content/uploads/404.php HTTP/1.1" 302 682 "http://site.ru" "Mozilla/5.0 (Windows; U; Windows NT 5.1; en-US) AppleWebKit/533.4 (KHTML, like Gecko) Chrome/5.0.375.99 Safari/533.4"
158.255.46.94 - - [06/Dec/2020:14:18:53 +0300] "GET /wp-content/uploads/404.php HTTP/2" 404 22610 "http://site.ru" "Mozilla/5.0 (Windows; U; Windows NT 5.1; en-US) AppleWebKit/533.4 (KHTML, like Gecko) Chrome/5.0.375.99 Safari/533.4"
66.249.64.163 - - [06/Dec/2020:14:19:10 +0300] "GET /it-poleznyashki/ssh-server-refused-our-key.html HTTP/1.1" 200 12100 "-" "Mozilla/5.0 (Linux; Android 6.0.1; Nexus 5X Build/MMB29P) AppleWebKit/537.36 (KHTML, like Gecko) Chrome/86.0.4240.96 Mobile Safari/537.36 (compatible; Googlebot/2.1; +http://www.google.com/bot.html)"
185.87.196.23 - - [06/Dec/2020:14:20:31 +0300] "POST /wp-cron.php?doing_wp_cron=1607253631.3817338943481445312500 HTTP/1.1" 200 - "https://weblampa.ru/wp-cron.php?doing_wp_cron=1607253631.3817338943481445312500" "WordPress/5.4.2; https://weblampa.ru"
114.119.157.4 - - [06/Dec/2020:14:20:31 +0300] "GET /it-poleznyashki/emet-4-0-i-windows-server-2012-r2.html HTTP/1.1" 200 30362 "-" "Mozilla/5.0 (Linux; Android 7.0;) AppleWebKit/537.36 (KHTML, like Gecko) Mobile Safari/537.36 (compatible; PetalBot;+https://aspiegel.com/petalbot)"
168.119.51.156 - - [06/Dec/2020:14:25:27 +0300] "GET /topics/nix/feed HTTP/1.1" 200 4579 "-" "Mozilla/5.0 (compatible; um-IC/1.0; mailto: techinfo@ubermetrics-technologies.com; Windows NT 6.1; WOW64; rv:40.0) Gecko/20100101 Firefox/40.1"
66.249.64.160 - - [06/Dec/2020:14:28:57 +0300] "GET /itil-itsm/slovar-terminov-itil-na-russkom-yazyike-v.html HTTP/1.1" 200 99343 "-" "Mozilla/5.0 (Linux; Android 6.0.1; Nexus 5X Build/MMB29P) AppleWebKit/537.36 (KHTML, like Gecko) Chrome/86.0.4240.96 Mobile Safari/537.36 (compatible; Googlebot/2.1; +http://www.google.com/bot.html)"
185.87.196.23 - - [06/Dec/2020:14:39:50 +0300] "POST /wp-cron.php?doing_wp_cron=1607254790.3378911018371582031250 HTTP/1.1" 200 - "https://weblampa.ru/wp-cron.php?doing_wp_cron=1607254790.3378911018371582031250" "WordPress/5.4.2; https://weblampa.ru"
168.119.51.156 - - [06/Dec/2020:14:39:50 +0300] "GET /topics/itil-itsm/feed HTTP/1.1" 200 3441 "-" "Mozilla/5.0 (compatible; um-IC/1.0; mailto: techinfo@ubermetrics-technologies.com; Windows NT 6.1; WOW64; rv:40.0) Gecko/20100101 Firefox/40.1"
213.180.203.2 - - [06/Dec/2020:14:47:28 +0300] "GET / HTTP/1.1" 302 682 "-" "Mozilla/5.0 (compatible; YandexMetrika/2.0; +http://yandex.com/bots yabs01)"
141.8.142.90 - - [06/Dec/2020:14:47:28 +0300] "GET / HTTP/1.1" 200 24755 "-" "Mozilla/5.0 (compatible; YandexMetrika/2.0; +http://yandex.com/bots yabs01)"
66.249.64.163 - - [06/Dec/2020:14:48:52 +0300] "GET /%D0%BC%D0%BE%D0%BD%D0%B8%D1%82%D0%BE%D1%80%D0%B8%D0%BD%D0%B3-linux/ HTTP/1.1" 404 8012 "-" "Mozilla/5.0 (compatible; Googlebot/2.1; +http://www.google.com/bot.html)"
178.34.162.175 - - [06/Dec/2020:14:58:14 +0300] "GET /it-poleznyashki/spravochnik-po-nastroykam-bios.html HTTP/2" 200 56513 "https://www.google.ru/" "Mozilla/5.0 (iPhone; CPU iPhone OS 14_2 like Mac OS X) AppleWebKit/605.1.15 (KHTML, like Gecko) Version/14.0.1 Mobile/15E148 Safari/604.1"
178.34.162.175 - - [06/Dec/2020:14:58:14 +0300] "GET /wp-includes/js/wp-emoji-release.min.js?ver=5.4.2 HTTP/2" 200 4276 "https://weblampa.ru/it-poleznyashki/spravochnik-po-nastroykam-bios.html" "Mozilla/5.0 (iPhone; CPU iPhone OS 14_2 like Mac OS X) AppleWebKit/605.1.15 (KHTML, like Gecko) Version/14.0.1 Mobile/15E148 Safari/604.1"
178.34.162.175 - - [06/Dec/2020:14:58:14 +0300] "GET /wp-content/cache/minify/75021.css HTTP/2" 200 17546 "https://weblampa.ru/it-poleznyashki/spravochnik-po-nastroykam-bios.html" "Mozilla/5.0 (iPhone; CPU iPhone OS 14_2 like Mac OS X) AppleWebKit/605.1.15 (KHTML, like Gecko) Version/14.0.1 Mobile/15E148 Safari/604.1"
178.34.162.175 - - [06/Dec/2020:14:58:14 +0300] "GET /wp-content/cache/minify/348fa.css HTTP/2" 200 27963 "https://weblampa.ru/it-poleznyashki/spravochnik-po-nastroykam-bios.html" "Mozilla/5.0 (iPhone; CPU iPhone OS 14_2 like Mac OS X) AppleWebKit/605.1.15 (KHTML, like Gecko) Version/14.0.1 Mobile/15E148 Safari/604.1"
178.34.162.175 - - [06/Dec/2020:14:58:14 +0300] "GET /wp-content/cache/minify/f6b37.js HTTP/2" 200 46427 "https://weblampa.ru/it-poleznyashki/spravochnik-po-nastroykam-bios.html" "Mozilla/5.0 (iPhone; CPU iPhone OS 14_2 like Mac OS X) AppleWebKit/605.1.15 (KHTML, like Gecko) Version/14.0.1 Mobile/15E148 Safari/604.1"
178.34.162.175 - - [06/Dec/2020:14:58:14 +0300] "GET /wp-content/uploads/2016/03/Lamplogo1.png HTTP/2" 200 9627 "https://weblampa.ru/it-poleznyashki/spravochnik-po-nastroykam-bios.html" "Mozilla/5.0 (iPhone; CPU iPhone OS 14_2 like Mac OS X) AppleWebKit/605.1.15 (KHTML, like Gecko) Version/14.0.1 Mobile/15E148 Safari/604.1"
178.34.162.175 - - [06/Dec/2020:14:58:14 +0300] "GET /wp-content/cache/minify/f8767.js HTTP/2" 200 440 "https://weblampa.ru/it-poleznyashki/spravochnik-po-nastroykam-bios.html" "Mozilla/5.0 (iPhone; CPU iPhone OS 14_2 like Mac OS X) AppleWebKit/605.1.15 (KHTML, like Gecko) Version/14.0.1 Mobile/15E148 Safari/604.1"
178.34.162.175 - - [06/Dec/2020:14:58:14 +0300] "GET /wp-content/cache/minify/c2bba.js HTTP/2" 200 505 "https://weblampa.ru/it-poleznyashki/spravochnik-po-nastroykam-bios.html" "Mozilla/5.0 (iPhone; CPU iPhone OS 14_2 like Mac OS X) AppleWebKit/605.1.15 (KHTML, like Gecko) Version/14.0.1 Mobile/15E148 Safari/604.1"
178.34.162.175 - - [06/Dec/2020:14:58:14 +0300] "GET /wp-content/cache/minify/0661a.js HTTP/2" 200 1564 "https://weblampa.ru/it-poleznyashki/spravochnik-po-nastroykam-bios.html" "Mozilla/5.0 (iPhone; CPU iPhone OS 14_2 like Mac OS X) AppleWebKit/605.1.15 (KHTML, like Gecko) Version/14.0.1 Mobile/15E148 Safari/604.1"
178.34.162.175 - - [06/Dec/2020:14:58:14 +0300] "GET /wp-content/cache/minify/72637.js HTTP/2" 200 2064 "https://weblampa.ru/it-poleznyashki/spravochnik-po-nastroykam-bios.html" "Mozilla/5.0 (iPhone; CPU iPhone OS 14_2 like Mac OS X) AppleWebKit/605.1.15 (KHTML, like Gecko) Version/14.0.1 Mobile/15E148 Safari/604.1"
178.34.162.175 - - [06/Dec/2020:14:58:14 +0300] "GET /wp-content/cache/minify/46863.js HTTP/2" 200 3878 "https://weblampa.ru/it-poleznyashki/spravochnik-po-nastroykam-bios.html" "Mozilla/5.0 (iPhone; CPU iPhone OS 14_2 like Mac OS X) AppleWebKit/605.1.15 (KHTML, like Gecko) Version/14.0.1 Mobile/15E148 Safari/604.1"
178.34.162.175 - - [06/Dec/2020:14:58:15 +0300] "GET /wp-content/uploads/2016/04/kronos_at_mars_cc_by_macrebisz.jpg HTTP/2" 200 689920 "https://weblampa.ru/it-poleznyashki/spravochnik-po-nastroykam-bios.html" "Mozilla/5.0 (iPhone; CPU iPhone OS 14_2 like Mac OS X) AppleWebKit/605.1.15 (KHTML, like Gecko) Version/14.0.1 Mobile/15E148 Safari/604.1"
178.34.162.175 - - [06/Dec/2020:14:58:15 +0300] "GET /wp-content/themes/flat/assets/fonts/fontawesome-webfont.woff2?v=4.3.0 HTTP/2" 200 56780 "https://weblampa.ru/it-poleznyashki/spravochnik-po-nastroykam-bios.html" "Mozilla/5.0 (iPhone; CPU iPhone OS 14_2 like Mac OS X) AppleWebKit/605.1.15 (KHTML, like Gecko) Version/14.0.1 Mobile/15E148 Safari/604.1"
178.34.162.175 - - [06/Dec/2020:14:58:15 +0300] "GET /wp-content/uploads/2016/03/cropped-Lamp-192x192.png HTTP/2" 200 10996 "https://weblampa.ru/it-poleznyashki/spravochnik-po-nastroykam-bios.html" "Mozilla/5.0 (iPhone; CPU iPhone OS 14_2 like Mac OS X) AppleWebKit/605.1.15 (KHTML, like Gecko) Version/14.0.1 Mobile/15E148 Safari/604.1"
178.34.162.175 - - [06/Dec/2020:14:58:15 +0300] "GET /wp-content/uploads/2016/03/cropped-Lamp-32x32.png HTTP/2" 200 1393 "https://weblampa.ru/it-poleznyashki/spravochnik-po-nastroykam-bios.html" "Mozilla/5.0 (iPhone; CPU iPhone OS 14_2 like Mac OS X) AppleWebKit/605.1.15 (KHTML, like Gecko) Version/14.0.1 Mobile/15E148 Safari/604.1"
46.46.6.181 - - [06/Dec/2020:15:01:34 +0300] "GET /wp-content/cache/minify/f6b37.js HTTP/2" 200 46427 "https://weblampa.ru/mikrotik/srezaem-bruteforce-mikrotik-om.html" "Mozilla/5.0 (Windows NT 10.0; Win64; x64) AppleWebKit/537.36 (KHTML, like Gecko) Chrome/80.0.3987.163 Safari/537.36"
46.46.6.181 - - [06/Dec/2020:15:01:34 +0300] "GET /wp-content/cache/minify/f8767.js HTTP/2" 200 440 "https://weblampa.ru/mikrotik/srezaem-bruteforce-mikrotik-om.html" "Mozilla/5.0 (Windows NT 10.0; Win64; x64) AppleWebKit/537.36 (KHTML, like Gecko) Chrome/80.0.3987.163 Safari/537.36"
46.46.6.181 - - [06/Dec/2020:15:01:34 +0300] "GET /wp-content/cache/minify/c2bba.js HTTP/2" 200 505 "https://weblampa.ru/mikrotik/srezaem-bruteforce-mikrotik-om.html" "Mozilla/5.0 (Windows NT 10.0; Win64; x64) AppleWebKit/537.36 (KHTML, like Gecko) Chrome/80.0.3987.163 Safari/537.36"
46.46.6.181 - - [06/Dec/2020:15:01:34 +0300] "GET /wp-content/cache/minify/0661a.js HTTP/2" 200 1564 "https://weblampa.ru/mikrotik/srezaem-bruteforce-mikrotik-om.html" "Mozilla/5.0 (Windows NT 10.0; Win64; x64) AppleWebKit/537.36 (KHTML, like Gecko) Chrome/80.0.3987.163 Safari/537.36"
46.46.6.181 - - [06/Dec/2020:15:01:34 +0300] "GET /wp-content/cache/minify/72637.js HTTP/2" 200 2064 "https://weblampa.ru/mikrotik/srezaem-bruteforce-mikrotik-om.html" "Mozilla/5.0 (Windows NT 10.0; Win64; x64) AppleWebKit/537.36 (KHTML, like Gecko) Chrome/80.0.3987.163 Safari/537.36"
46.46.6.181 - - [06/Dec/2020:15:01:34 +0300] "GET /wp-content/cache/minify/46863.js HTTP/2" 200 3878 "https://weblampa.ru/mikrotik/srezaem-bruteforce-mikrotik-om.html" "Mozilla/5.0 (Windows NT 10.0; Win64; x64) AppleWebKit/537.36 (KHTML, like Gecko) Chrome/80.0.3987.163 Safari/537.36"
46.46.6.181 - - [06/Dec/2020:15:01:34 +0300] "GET /wp-includes/js/wp-emoji-release.min.js?ver=5.4.2 HTTP/2" 200 4276 "https://weblampa.ru/mikrotik/srezaem-bruteforce-mikrotik-om.html" "Mozilla/5.0 (Windows NT 10.0; Win64; x64) AppleWebKit/537.36 (KHTML, like Gecko) Chrome/80.0.3987.163 Safari/537.36"
46.46.6.181 - - [06/Dec/2020:15:01:34 +0300] "GET /wp-content/themes/flat/assets/fonts/fontawesome-webfont.woff2?v=4.3.0 HTTP/2" 200 56780 "https://weblampa.ru/wp-content/cache/minify/348fa.css" "Mozilla/5.0 (Windows NT 10.0; Win64; x64) AppleWebKit/537.36 (KHTML, like Gecko) Chrome/80.0.3987.163 Safari/537.36"
185.87.196.23 - - [06/Dec/2020:15:01:36 +0300] "POST /wp-cron.php?doing_wp_cron=1607256096.7914071083068847656250 HTTP/1.1" 200 - "https://weblampa.ru/wp-cron.php?doing_wp_cron=1607256096.7914071083068847656250" "WordPress/5.4.2; https://weblampa.ru"
169.61.190.27 - - [06/Dec/2020:15:01:36 +0300] "GET /ads.txt HTTP/1.1" 404 8745 "-" "DisqusAdstxtCrawler/0.1 (+https://help.disqus.com/en/articles/1765357-ads-txt-implementation-guide)"
185.87.196.23 - - [06/Dec/2020:15:07:55 +0300] "POST /wp-cron.php?doing_wp_cron=1607256475.8559720516204833984375 HTTP/1.1" 200 - "https://weblampa.ru/wp-cron.php?doing_wp_cron=1607256475.8559720516204833984375" "WordPress/5.4.2; https://weblampa.ru"
168.119.51.156 - - [06/Dec/2020:15:07:55 +0300] "GET /topics/it-poleznyashki/feed HTTP/1.1" 200 14783 "-" "Mozilla/5.0 (compatible; um-IC/1.0; mailto: techinfo@ubermetrics-technologies.com; Windows NT 6.1; WOW64; rv:40.0) Gecko/20100101 Firefox/40.1"
66.249.64.167 - - [06/Dec/2020:15:08:59 +0300] "GET /it-poleznyashki/spravochnik-po-nastroykam-bios.html HTTP/1.1" 200 56513 "-" "Mozilla/5.0 (Linux; Android 6.0.1; Nexus 5X Build/MMB29P) AppleWebKit/537.36 (KHTML, like Gecko) Chrome/86.0.4240.96 Mobile Safari/537.36 (compatible; Googlebot/2.1; +http://www.google.com/bot.html)"
54.159.195.73 - - [06/Dec/2020:15:14:20 +0300] "GET /sellers.json HTTP/2" 404 8795 "-" "Mozilla/5.0 (Macintosh; Intel Mac OS X 10_12_6) AppleWebKit/537.36 (KHTML, like Gecko) Chrome/66.0.3359.181 Safari/537.36"
141.8.142.90 - - [06/Dec/2020:15:21:03 +0300] "GET / HTTP/1.1" 302 682 "-" "Mozilla/5.0 (compatible; YandexMetrika/2.0; +http://yandex.com/bots yabs01)"
185.87.196.23 - - [06/Dec/2020:15:21:04 +0300] "POST /wp-cron.php?doing_wp_cron=1607257264.3728098869323730468750 HTTP/1.1" 200 - "https://weblampa.ru/wp-cron.php?doing_wp_cron=1607257264.3728098869323730468750" "WordPress/5.4.2; https://weblampa.ru"
213.180.203.184 - - [06/Dec/2020:15:21:04 +0300] "GET / HTTP/1.1" 200 24753 "-" "Mozilla/5.0 (compatible; YandexMetrika/2.0; +http://yandex.com/bots yabs01)"
128.74.103.45 - - [06/Dec/2020:15:22:19 +0300] "GET /it-poleznyashki/spravochnik-po-nastroykam-bios.html HTTP/2" 200 56513 "https://www.google.com/" "Mozilla/5.0 (Linux; Android 10; RMX1921) AppleWebKit/537.36 (KHTML, like Gecko) Chrome/87.0.4280.86 Mobile Safari/537.36"
128.74.103.45 - - [06/Dec/2020:15:22:19 +0300] "GET /wp-content/cache/minify/75021.css HTTP/2" 200 17546 "https://weblampa.ru/it-poleznyashki/spravochnik-po-nastroykam-bios.html" "Mozilla/5.0 (Linux; Android 10; RMX1921) AppleWebKit/537.36 (KHTML, like Gecko) Chrome/87.0.4280.86 Mobile Safari/537.36"
128.74.103.45 - - [06/Dec/2020:15:22:20 +0300] "GET /wp-content/cache/minify/348fa.css HTTP/2" 200 27963 "https://weblampa.ru/it-poleznyashki/spravochnik-po-nastroykam-bios.html" "Mozilla/5.0 (Linux; Android 10; RMX1921) AppleWebKit/537.36 (KHTML, like Gecko) Chrome/87.0.4280.86 Mobile Safari/537.36"
128.74.103.45 - - [06/Dec/2020:15:22:20 +0300] "GET /wp-content/cache/minify/f6b37.js HTTP/2" 200 46427 "https://weblampa.ru/it-poleznyashki/spravochnik-po-nastroykam-bios.html" "Mozilla/5.0 (Linux; Android 10; RMX1921) AppleWebKit/537.36 (KHTML, like Gecko) Chrome/87.0.4280.86 Mobile Safari/537.36"
128.74.103.45 - - [06/Dec/2020:15:22:20 +0300] "GET /wp-includes/js/wp-emoji-release.min.js?ver=5.4.2 HTTP/2" 200 4276 "https://weblampa.ru/it-poleznyashki/spravochnik-po-nastroykam-bios.html" "Mozilla/5.0 (Linux; Android 10; RMX1921) AppleWebKit/537.36 (KHTML, like Gecko) Chrome/87.0.4280.86 Mobile Safari/537.36"
128.74.103.45 - - [06/Dec/2020:15:22:20 +0300] "GET /wp-content/cache/minify/f8767.js HTTP/2" 200 440 "https://weblampa.ru/it-poleznyashki/spravochnik-po-nastroykam-bios.html" "Mozilla/5.0 (Linux; Android 10; RMX1921) AppleWebKit/537.36 (KHTML, like Gecko) Chrome/87.0.4280.86 Mobile Safari/537.36"
128.74.103.45 - - [06/Dec/2020:15:22:20 +0300] "GET /wp-content/cache/minify/c2bba.js HTTP/2" 200 505 "https://weblampa.ru/it-poleznyashki/spravochnik-po-nastroykam-bios.html" "Mozilla/5.0 (Linux; Android 10; RMX1921) AppleWebKit/537.36 (KHTML, like Gecko) Chrome/87.0.4280.86 Mobile Safari/537.36"
128.74.103.45 - - [06/Dec/2020:15:22:20 +0300] "GET /wp-content/cache/minify/0661a.js HTTP/2" 200 1564 "https://weblampa.ru/it-poleznyashki/spravochnik-po-nastroykam-bios.html" "Mozilla/5.0 (Linux; Android 10; RMX1921) AppleWebKit/537.36 (KHTML, like Gecko) Chrome/87.0.4280.86 Mobile Safari/537.36"
128.74.103.45 - - [06/Dec/2020:15:22:20 +0300] "GET /wp-content/cache/minify/72637.js HTTP/2" 200 2064 "https://weblampa.ru/it-poleznyashki/spravochnik-po-nastroykam-bios.html" "Mozilla/5.0 (Linux; Android 10; RMX1921) AppleWebKit/537.36 (KHTML, like Gecko) Chrome/87.0.4280.86 Mobile Safari/537.36"
128.74.103.45 - - [06/Dec/2020:15:22:20 +0300] "GET /wp-content/cache/minify/46863.js HTTP/2" 200 3878 "https://weblampa.ru/it-poleznyashki/spravochnik-po-nastroykam-bios.html" "Mozilla/5.0 (Linux; Android 10; RMX1921) AppleWebKit/537.36 (KHTML, like Gecko) Chrome/87.0.4280.86 Mobile Safari/537.36"
128.74.103.45 - - [06/Dec/2020:15:22:20 +0300] "GET /wp-content/themes/flat/assets/fonts/fontawesome-webfont.woff2?v=4.3.0 HTTP/2" 200 56780 "https://weblampa.ru/wp-content/cache/minify/348fa.css" "Mozilla/5.0 (Linux; Android 10; RMX1921) AppleWebKit/537.36 (KHTML, like Gecko) Chrome/87.0.4280.86 Mobile Safari/537.36"
128.74.103.45 - - [06/Dec/2020:15:22:20 +0300] "GET /wp-content/uploads/2016/03/Lamplogo1.png HTTP/2" 200 9627 "https://weblampa.ru/it-poleznyashki/spravochnik-po-nastroykam-bios.html" "Mozilla/5.0 (Linux; Android 10; RMX1921) AppleWebKit/537.36 (KHTML, like Gecko) Chrome/87.0.4280.86 Mobile Safari/537.36"
128.74.103.45 - - [06/Dec/2020:15:22:20 +0300] "GET /wp-content/uploads/2016/04/kronos_at_mars_cc_by_macrebisz.jpg HTTP/2" 200 689920 "https://weblampa.ru/it-poleznyashki/spravochnik-po-nastroykam-bios.html" "Mozilla/5.0 (Linux; Android 10; RMX1921) AppleWebKit/537.36 (KHTML, like Gecko) Chrome/87.0.4280.86 Mobile Safari/537.36"
128.74.103.45 - - [06/Dec/2020:15:22:21 +0300] "GET /wp-content/uploads/2016/03/cropped-Lamp-192x192.png HTTP/2" 200 10996 "https://weblampa.ru/it-poleznyashki/spravochnik-po-nastroykam-bios.html" "Mozilla/5.0 (Linux; Android 10; RMX1921) AppleWebKit/537.36 (KHTML, like Gecko) Chrome/87.0.4280.86 Mobile Safari/537.36"
128.74.103.45 - - [06/Dec/2020:15:22:21 +0300] "GET /wp-content/uploads/2016/03/cropped-Lamp-180x180.png HTTP/2" 200 12136 "https://weblampa.ru/it-poleznyashki/spravochnik-po-nastroykam-bios.html" "Mozilla/5.0 (Linux; Android 10; RMX1921) AppleWebKit/537.36 (KHTML, like Gecko) Chrome/87.0.4280.86 Mobile Safari/537.36"
168.119.51.156 - - [06/Dec/2020:15:22:41 +0300] "GET /topics/hardware/feed HTTP/1.1" 200 2208 "-" "Mozilla/5.0 (compatible; um-IC/1.0; mailto: techinfo@ubermetrics-technologies.com; Windows NT 6.1; WOW64; rv:40.0) Gecko/20100101 Firefox/40.1"
176.106.253.252 - - [06/Dec/2020:15:30:11 +0300] "GET /itil-itsm/slovar-terminov-itil-na-russkom-yazyike-v.html HTTP/2" 200 99341 "https://www.google.com/" "Mozilla/5.0 (Windows NT 6.1; Win64; x64) AppleWebKit/537.36 (KHTML, like Gecko) Chrome/87.0.4280.88 Safari/537.36"
176.106.253.252 - - [06/Dec/2020:15:30:16 +0300] "GET /wp-content/cache/minify/75021.css HTTP/1.1" 200 17546 "https://weblampa.ru/itil-itsm/slovar-terminov-itil-na-russkom-yazyike-v.html" "Mozilla/5.0 (Windows NT 6.1; Win64; x64) AppleWebKit/537.36 (KHTML, like Gecko) Chrome/87.0.4280.88 Safari/537.36"
176.106.253.252 - - [06/Dec/2020:15:30:16 +0300] "GET /wp-content/cache/minify/348fa.css HTTP/1.1" 200 27963 "https://weblampa.ru/itil-itsm/slovar-terminov-itil-na-russkom-yazyike-v.html" "Mozilla/5.0 (Windows NT 6.1; Win64; x64) AppleWebKit/537.36 (KHTML, like Gecko) Chrome/87.0.4280.88 Safari/537.36"
176.106.253.252 - - [06/Dec/2020:15:30:16 +0300] "GET /wp-content/cache/minify/f6b37.js HTTP/1.1" 200 46427 "https://weblampa.ru/itil-itsm/slovar-terminov-itil-na-russkom-yazyike-v.html" "Mozilla/5.0 (Windows NT 6.1; Win64; x64) AppleWebKit/537.36 (KHTML, like Gecko) Chrome/87.0.4280.88 Safari/537.36"
176.106.253.252 - - [06/Dec/2020:15:30:16 +0300] "GET /wp-content/uploads/2016/03/Lamplogo1.png HTTP/1.1" 200 9627 "https://weblampa.ru/itil-itsm/slovar-terminov-itil-na-russkom-yazyike-v.html" "Mozilla/5.0 (Windows NT 6.1; Win64; x64) AppleWebKit/537.36 (KHTML, like Gecko) Chrome/87.0.4280.88 Safari/537.36"
176.106.253.252 - - [06/Dec/2020:15:30:16 +0300] "GET /wp-includes/js/wp-emoji-release.min.js?ver=5.4.2 HTTP/1.1" 200 4276 "https://weblampa.ru/itil-itsm/slovar-terminov-itil-na-russkom-yazyike-v.html" "Mozilla/5.0 (Windows NT 6.1; Win64; x64) AppleWebKit/537.36 (KHTML, like Gecko) Chrome/87.0.4280.88 Safari/537.36"
176.106.253.252 - - [06/Dec/2020:15:30:16 +0300] "GET /wp-content/uploads/2016/04/kronos_at_mars_cc_by_macrebisz.jpg HTTP/1.1" 200 689920 "https://weblampa.ru/itil-itsm/slovar-terminov-itil-na-russkom-yazyike-v.html" "Mozilla/5.0 (Windows NT 6.1; Win64; x64) AppleWebKit/537.36 (KHTML, like Gecko) Chrome/87.0.4280.88 Safari/537.36"
176.106.253.252 - - [06/Dec/2020:15:30:17 +0300] "GET /wp-content/cache/minify/f8767.js HTTP/1.1" 200 440 "https://weblampa.ru/itil-itsm/slovar-terminov-itil-na-russkom-yazyike-v.html" "Mozilla/5.0 (Windows NT 6.1; Win64; x64) AppleWebKit/537.36 (KHTML, like Gecko) Chrome/87.0.4280.88 Safari/537.36"
176.106.253.252 - - [06/Dec/2020:15:30:17 +0300] "GET /wp-content/cache/minify/c2bba.js HTTP/1.1" 200 505 "https://weblampa.ru/itil-itsm/slovar-terminov-itil-na-russkom-yazyike-v.html" "Mozilla/5.0 (Windows NT 6.1; Win64; x64) AppleWebKit/537.36 (KHTML, like Gecko) Chrome/87.0.4280.88 Safari/537.36"
176.106.253.252 - - [06/Dec/2020:15:30:17 +0300] "GET /wp-content/cache/minify/0661a.js HTTP/1.1" 200 1564 "https://weblampa.ru/itil-itsm/slovar-terminov-itil-na-russkom-yazyike-v.html" "Mozilla/5.0 (Windows NT 6.1; Win64; x64) AppleWebKit/537.36 (KHTML, like Gecko) Chrome/87.0.4280.88 Safari/537.36"
176.106.253.252 - - [06/Dec/2020:15:30:17 +0300] "GET /wp-content/cache/minify/72637.js HTTP/1.1" 200 2064 "https://weblampa.ru/itil-itsm/slovar-terminov-itil-na-russkom-yazyike-v.html" "Mozilla/5.0 (Windows NT 6.1; Win64; x64) AppleWebKit/537.36 (KHTML, like Gecko) Chrome/87.0.4280.88 Safari/537.36"
176.106.253.252 - - [06/Dec/2020:15:30:17 +0300] "GET /wp-content/cache/minify/46863.js HTTP/1.1" 200 3878 "https://weblampa.ru/itil-itsm/slovar-terminov-itil-na-russkom-yazyike-v.html" "Mozilla/5.0 (Windows NT 6.1; Win64; x64) AppleWebKit/537.36 (KHTML, like Gecko) Chrome/87.0.4280.88 Safari/537.36"
176.106.253.252 - - [06/Dec/2020:15:30:17 +0300] "GET /wp-content/themes/flat/assets/fonts/fontawesome-webfont.woff2?v=4.3.0 HTTP/1.1" 200 56780 "https://weblampa.ru/wp-content/cache/minify/348fa.css" "Mozilla/5.0 (Windows NT 6.1; Win64; x64) AppleWebKit/537.36 (KHTML, like Gecko) Chrome/87.0.4280.88 Safari/537.36"
176.106.253.252 - - [06/Dec/2020:15:30:18 +0300] "GET /wp-content/uploads/2016/03/cropped-Lamp-32x32.png HTTP/1.1" 200 1393 "https://weblampa.ru/itil-itsm/slovar-terminov-itil-na-russkom-yazyike-v.html" "Mozilla/5.0 (Windows NT 6.1; Win64; x64) AppleWebKit/537.36 (KHTML, like Gecko) Chrome/87.0.4280.88 Safari/537.36"
93.124.60.90 - - [06/Dec/2020:15:31:56 +0300] "GET / HTTP/1.0" 302 682 "-" "Mozilla/5.0 (Windows NT 6.3; Win64; x64) AppleWebKit/537.36 (KHTML, like Gecko) Chrome/75.0.3770.100 Safari/537.36"
95.217.179.219 - - [06/Dec/2020:15:38:33 +0300] "GET /ckfinder/ckfinder.html HTTP/1.1" 302 682 "-" "Mozilla/5.0 (Windows NT 5.1; rv:22.0) Gecko/20100101 Firefox/22.0 Paros/3.2.13"
185.87.196.23 - - [06/Dec/2020:15:38:33 +0300] "POST /wp-cron.php?doing_wp_cron=1607258313.6899170875549316406250 HTTP/1.1" 200 - "https://weblampa.ru/wp-cron.php?doing_wp_cron=1607258313.6899170875549316406250" "WordPress/5.4.2; https://weblampa.ru"
95.217.179.219 - - [06/Dec/2020:15:38:33 +0300] "GET /ckfinder/ckfinder.html HTTP/1.1" 404 22583 "-" "Mozilla/5.0 (Windows NT 5.1; rv:22.0) Gecko/20100101 Firefox/22.0 Paros/3.2.13"
66.249.64.160 - - [06/Dec/2020:15:45:01 +0300] "GET /robots.txt HTTP/1.1" 200 180 "-" "Mozilla/5.0 (compatible; Googlebot/2.1; +http://www.google.com/bot.html)"
66.249.64.167 - - [06/Dec/2020:15:45:02 +0300] "GET /wp-content/uploads/2016/04/Russian_2011_Glossary_v2.0.pdf HTTP/1.1" 200 781147 "-" "Mozilla/5.0 (compatible; Googlebot/2.1; +http://www.google.com/bot.html)"
13.66.139.14 - - [06/Dec/2020:15:53:52 +0300] "GET /it-poleznyashki/ip-calc.html HTTP/1.1" 403 1102 "-" "Mozilla/5.0 (compatible; bingbot/2.0; +http://www.bing.com/bingbot.htm)"
13.66.139.14 - - [06/Dec/2020:15:53:54 +0300] "GET /it-poleznyashki/ip-calc.html HTTP/1.0" 403 1082 "-" "Mozilla/5.0 (compatible; bingbot/2.0; +http://www.bing.com/bingbot.htm)"
141.8.142.90 - - [06/Dec/2020:15:57:25 +0300] "GET / HTTP/1.1" 302 682 "-" "Mozilla/5.0 (compatible; YandexMetrika/2.0; +http://yandex.com/bots yabs01)"
213.180.203.184 - - [06/Dec/2020:15:57:25 +0300] "GET / HTTP/1.1" 200 24753 "-" "Mozilla/5.0 (compatible; YandexMetrika/2.0; +http://yandex.com/bots yabs01)"
185.87.196.23 - - [06/Dec/2020:15:59:28 +0300] "POST /wp-cron.php?doing_wp_cron=1607259568.2986559867858886718750 HTTP/1.1" 200 - "https://weblampa.ru/wp-cron.php?doing_wp_cron=1607259568.2986559867858886718750" "WordPress/5.4.2; https://weblampa.ru"
66.249.64.167 - - [06/Dec/2020:15:59:27 +0300] "GET /%D0%BC%D0%BE%D0%BD%D0%B8%D1%82%D0%BE%D1%80%D0%B8%D0%BD%D0%B3-linux/ HTTP/1.1" 404 8012 "-" "Mozilla/5.0 (Linux; Android 6.0.1; Nexus 5X Build/MMB29P) AppleWebKit/537.36 (KHTML, like Gecko) Chrome/86.0.4240.96 Mobile Safari/537.36 (compatible; Googlebot/2.1; +http://www.google.com/bot.html)"
185.87.196.23 - - [06/Dec/2020:16:06:46 +0300] "POST /wp-cron.php?doing_wp_cron=1607260006.2364640235900878906250 HTTP/1.1" 200 - "https://weblampa.ru/wp-cron.php?doing_wp_cron=1607260006.2364640235900878906250" "WordPress/5.4.2; https://weblampa.ru"
37.21.242.194 - - [06/Dec/2020:16:06:46 +0300] "GET /it-poleznyashki/skachat-video-s-adobe-connect.html HTTP/2" 200 9828 "https://www.google.com/" "Mozilla/5.0 (Windows NT 10.0; Win64; x64) AppleWebKit/537.36 (KHTML, like Gecko) Chrome/87.0.4280.88 Safari/537.36"
37.21.242.194 - - [06/Dec/2020:16:06:47 +0300] "GET /wp-content/cache/minify/348fa.css HTTP/1.1" 200 27963 "https://weblampa.ru/it-poleznyashki/skachat-video-s-adobe-connect.html" "Mozilla/5.0 (Windows NT 10.0; Win64; x64) AppleWebKit/537.36 (KHTML, like Gecko) Chrome/87.0.4280.88 Safari/537.36"
37.21.242.194 - - [06/Dec/2020:16:06:47 +0300] "GET /wp-content/cache/minify/75021.css HTTP/2" 200 17546 "https://weblampa.ru/it-poleznyashki/skachat-video-s-adobe-connect.html" "Mozilla/5.0 (Windows NT 10.0; Win64; x64) AppleWebKit/537.36 (KHTML, like Gecko) Chrome/87.0.4280.88 Safari/537.36"
37.21.242.194 - - [06/Dec/2020:16:06:47 +0300] "GET /wp-content/cache/minify/f6b37.js HTTP/1.1" 200 46427 "https://weblampa.ru/it-poleznyashki/skachat-video-s-adobe-connect.html" "Mozilla/5.0 (Windows NT 10.0; Win64; x64) AppleWebKit/537.36 (KHTML, like Gecko) Chrome/87.0.4280.88 Safari/537.36"
37.21.242.194 - - [06/Dec/2020:16:06:48 +0300] "GET /wp-content/uploads/2016/03/Lamplogo1.png HTTP/1.1" 200 9627 "https://weblampa.ru/it-poleznyashki/skachat-video-s-adobe-connect.html" "Mozilla/5.0 (Windows NT 10.0; Win64; x64) AppleWebKit/537.36 (KHTML, like Gecko) Chrome/87.0.4280.88 Safari/537.36"
37.21.242.194 - - [06/Dec/2020:16:06:48 +0300] "GET /wp-content/cache/minify/f8767.js HTTP/1.1" 200 440 "https://weblampa.ru/it-poleznyashki/skachat-video-s-adobe-connect.html" "Mozilla/5.0 (Windows NT 10.0; Win64; x64) AppleWebKit/537.36 (KHTML, like Gecko) Chrome/87.0.4280.88 Safari/537.36"
37.21.242.194 - - [06/Dec/2020:16:06:48 +0300] "GET /wp-content/cache/minify/c2bba.js HTTP/1.1" 200 505 "https://weblampa.ru/it-poleznyashki/skachat-video-s-adobe-connect.html" "Mozilla/5.0 (Windows NT 10.0; Win64; x64) AppleWebKit/537.36 (KHTML, like Gecko) Chrome/87.0.4280.88 Safari/537.36"
37.21.242.194 - - [06/Dec/2020:16:06:48 +0300] "GET /wp-content/cache/minify/0661a.js HTTP/1.1" 200 1564 "https://weblampa.ru/it-poleznyashki/skachat-video-s-adobe-connect.html" "Mozilla/5.0 (Windows NT 10.0; Win64; x64) AppleWebKit/537.36 (KHTML, like Gecko) Chrome/87.0.4280.88 Safari/537.36"
37.21.242.194 - - [06/Dec/2020:16:06:48 +0300] "GET /wp-content/cache/minify/72637.js HTTP/1.1" 200 2064 "https://weblampa.ru/it-poleznyashki/skachat-video-s-adobe-connect.html" "Mozilla/5.0 (Windows NT 10.0; Win64; x64) AppleWebKit/537.36 (KHTML, like Gecko) Chrome/87.0.4280.88 Safari/537.36"
37.21.242.194 - - [06/Dec/2020:16:06:48 +0300] "GET /wp-content/cache/minify/46863.js HTTP/1.1" 200 3878 "https://weblampa.ru/it-poleznyashki/skachat-video-s-adobe-connect.html" "Mozilla/5.0 (Windows NT 10.0; Win64; x64) AppleWebKit/537.36 (KHTML, like Gecko) Chrome/87.0.4280.88 Safari/537.36"
37.21.242.194 - - [06/Dec/2020:16:06:48 +0300] "GET /wp-includes/js/wp-emoji-release.min.js?ver=5.4.2 HTTP/1.1" 200 4276 "https://weblampa.ru/it-poleznyashki/skachat-video-s-adobe-connect.html" "Mozilla/5.0 (Windows NT 10.0; Win64; x64) AppleWebKit/537.36 (KHTML, like Gecko) Chrome/87.0.4280.88 Safari/537.36"
37.21.242.194 - - [06/Dec/2020:16:06:49 +0300] "GET /wp-content/uploads/2016/04/kronos_at_mars_cc_by_macrebisz.jpg HTTP/1.1" 200 689920 "https://weblampa.ru/it-poleznyashki/skachat-video-s-adobe-connect.html" "Mozilla/5.0 (Windows NT 10.0; Win64; x64) AppleWebKit/537.36 (KHTML, like Gecko) Chrome/87.0.4280.88 Safari/537.36"
37.21.242.194 - - [06/Dec/2020:16:06:49 +0300] "GET /wp-content/themes/flat/assets/fonts/fontawesome-webfont.woff2?v=4.3.0 HTTP/1.1" 200 56780 "https://weblampa.ru/wp-content/cache/minify/348fa.css" "Mozilla/5.0 (Windows NT 10.0; Win64; x64) AppleWebKit/537.36 (KHTML, like Gecko) Chrome/87.0.4280.88 Safari/537.36"
37.21.242.194 - - [06/Dec/2020:16:06:50 +0300] "GET /wp-content/uploads/2016/03/cropped-Lamp-32x32.png HTTP/1.1" 200 1393 "https://weblampa.ru/it-poleznyashki/skachat-video-s-adobe-connect.html" "Mozilla/5.0 (Windows NT 10.0; Win64; x64) AppleWebKit/537.36 (KHTML, like Gecko) Chrome/87.0.4280.88 Safari/537.36"
66.249.64.167 - - [06/Dec/2020:16:09:52 +0300] "GET /it-poleznyashki/ssh-server-refused-our-key.html HTTP/1.1" 200 12100 "-" "Mozilla/5.0 (compatible; Googlebot/2.1; +http://www.google.com/bot.html)"
168.119.51.159 - - [06/Dec/2020:16:13:12 +0300] "GET /robots.txt HTTP/1.1" 200 206 "-" "Mozilla/5.0 (compatible; um-IC/1.0; mailto: techinfo@ubermetrics-technologies.com; Windows NT 6.1; WOW64; rv:40.0) Gecko/20100101 Firefox/40.1"
185.87.196.23 - - [06/Dec/2020:16:13:13 +0300] "POST /wp-cron.php?doing_wp_cron=1607260393.1015961170196533203125 HTTP/1.1" 200 - "https://weblampa.ru/wp-cron.php?doing_wp_cron=1607260393.1015961170196533203125" "WordPress/5.4.2; https://weblampa.ru"
168.119.51.159 - - [06/Dec/2020:16:13:12 +0300] "GET /topics/i_use_it/feed HTTP/1.1" 200 1623 "-" "Mozilla/5.0 (compatible; um-IC/1.0; mailto: techinfo@ubermetrics-technologies.com; Windows NT 6.1; WOW64; rv:40.0) Gecko/20100101 Firefox/40.1"
213.180.203.184 - - [06/Dec/2020:16:34:09 +0300] "GET / HTTP/1.1" 302 682 "-" "Mozilla/5.0 (compatible; YandexMetrika/2.0; +http://yandex.com/bots yabs01)"
5.255.231.75 - - [06/Dec/2020:16:34:10 +0300] "GET / HTTP/1.1" 200 24753 "-" "Mozilla/5.0 (compatible; YandexMetrika/2.0; +http://yandex.com/bots yabs01)"
185.87.196.23 - - [06/Dec/2020:16:35:52 +0300] "POST /wp-cron.php?doing_wp_cron=1607261752.5956640243530273437500 HTTP/1.1" 200 - "https://weblampa.ru/wp-cron.php?doing_wp_cron=1607261752.5956640243530273437500" "WordPress/5.4.2; https://weblampa.ru"
114.119.158.253 - - [06/Dec/2020:16:35:52 +0300] "GET /it-poleznyashki/osi.html/attachment/osi-1 HTTP/1.1" 200 9167 "-" "Mozilla/5.0 (Linux; Android 7.0;) AppleWebKit/537.36 (KHTML, like Gecko) Mobile Safari/537.36 (compatible; PetalBot;+https://aspiegel.com/petalbot)"
78.47.51.219 - - [06/Dec/2020:16:38:43 +0300] "GET /robots.txt HTTP/1.1" 200 206 "-" "Mozilla/5.0 (compatible; um-IC/1.0; mailto: techinfo@ubermetrics-technologies.com; Windows NT 6.1; WOW64; rv:40.0) Gecko/20100101 Firefox/40.1"
78.47.51.219 - - [06/Dec/2020:16:38:43 +0300] "GET /topics/vms/feed HTTP/1.1" 200 1397 "-" "Mozilla/5.0 (compatible; um-IC/1.0; mailto: techinfo@ubermetrics-technologies.com; Windows NT 6.1; WOW64; rv:40.0) Gecko/20100101 Firefox/40.1"
188.163.100.9 - - [06/Dec/2020:16:39:37 +0300] "GET /it-poleznyashki/ssh-server-refused-our-key.html HTTP/1.1" 200 12100 "https://www.google.com/" "Mozilla/5.0 (Windows NT 10.0; Win64; x64) AppleWebKit/537.36 (KHTML, like Gecko) Chrome/87.0.4280.88 Safari/537.36/9Lxb51d3-49"
188.163.100.9 - - [06/Dec/2020:16:39:37 +0300] "GET /wp-content/cache/minify/75021.css HTTP/1.1" 200 17546 "https://weblampa.ru/it-poleznyashki/ssh-server-refused-our-key.html" "Mozilla/5.0 (Windows NT 10.0; Win64; x64) AppleWebKit/537.36 (KHTML, like Gecko) Chrome/87.0.4280.88 Safari/537.36/9Lxb51d3-49"
188.163.100.9 - - [06/Dec/2020:16:39:37 +0300] "GET /wp-content/cache/minify/348fa.css HTTP/1.1" 200 27963 "https://weblampa.ru/it-poleznyashki/ssh-server-refused-our-key.html" "Mozilla/5.0 (Windows NT 10.0; Win64; x64) AppleWebKit/537.36 (KHTML, like Gecko) Chrome/87.0.4280.88 Safari/537.36/9Lxb51d3-49"
188.163.100.9 - - [06/Dec/2020:16:39:38 +0300] "GET /wp-content/cache/minify/f6b37.js HTTP/1.1" 200 46427 "https://weblampa.ru/it-poleznyashki/ssh-server-refused-our-key.html" "Mozilla/5.0 (Windows NT 10.0; Win64; x64) AppleWebKit/537.36 (KHTML, like Gecko) Chrome/87.0.4280.88 Safari/537.36/9Lxb51d3-49"
188.163.100.9 - - [06/Dec/2020:16:39:38 +0300] "GET /wp-content/uploads/2016/03/Lamplogo1.png HTTP/1.1" 200 9627 "https://weblampa.ru/it-poleznyashki/ssh-server-refused-our-key.html" "Mozilla/5.0 (Windows NT 10.0; Win64; x64) AppleWebKit/537.36 (KHTML, like Gecko) Chrome/87.0.4280.88 Safari/537.36/9Lxb51d3-49"
188.163.100.9 - - [06/Dec/2020:16:39:38 +0300] "GET /wp-content/uploads/2016/03/putty-gen1.jpg HTTP/1.1" 200 22013 "https://weblampa.ru/it-poleznyashki/ssh-server-refused-our-key.html" "Mozilla/5.0 (Windows NT 10.0; Win64; x64) AppleWebKit/537.36 (KHTML, like Gecko) Chrome/87.0.4280.88 Safari/537.36/9Lxb51d3-49"
188.163.100.9 - - [06/Dec/2020:16:39:38 +0300] "GET /wp-content/uploads/2016/03/putty-gen2.jpg HTTP/1.1" 200 24713 "https://weblampa.ru/it-poleznyashki/ssh-server-refused-our-key.html" "Mozilla/5.0 (Windows NT 10.0; Win64; x64) AppleWebKit/537.36 (KHTML, like Gecko) Chrome/87.0.4280.88 Safari/537.36/9Lxb51d3-49"
188.163.100.9 - - [06/Dec/2020:16:39:38 +0300] "GET /wp-content/uploads/2016/03/putty-gen3.jpg HTTP/1.1" 200 45009 "https://weblampa.ru/it-poleznyashki/ssh-server-refused-our-key.html" "Mozilla/5.0 (Windows NT 10.0; Win64; x64) AppleWebKit/537.36 (KHTML, like Gecko) Chrome/87.0.4280.88 Safari/537.36/9Lxb51d3-49"
188.163.100.9 - - [06/Dec/2020:16:39:38 +0300] "GET /wp-content/uploads/2016/03/pscp.jpg HTTP/1.1" 200 198899 "https://weblampa.ru/it-poleznyashki/ssh-server-refused-our-key.html" "Mozilla/5.0 (Windows NT 10.0; Win64; x64) AppleWebKit/537.36 (KHTML, like Gecko) Chrome/87.0.4280.88 Safari/537.36/9Lxb51d3-49"
188.163.100.9 - - [06/Dec/2020:16:39:38 +0300] "GET /wp-content/uploads/2016/03/pscp-dl.jpg HTTP/1.1" 200 27554 "https://weblampa.ru/it-poleznyashki/ssh-server-refused-our-key.html" "Mozilla/5.0 (Windows NT 10.0; Win64; x64) AppleWebKit/537.36 (KHTML, like Gecko) Chrome/87.0.4280.88 Safari/537.36/9Lxb51d3-49"
188.163.100.9 - - [06/Dec/2020:16:39:38 +0300] "GET /wp-content/cache/minify/f8767.js HTTP/1.1" 200 440 "https://weblampa.ru/it-poleznyashki/ssh-server-refused-our-key.html" "Mozilla/5.0 (Windows NT 10.0; Win64; x64) AppleWebKit/537.36 (KHTML, like Gecko) Chrome/87.0.4280.88 Safari/537.36/9Lxb51d3-49"
188.163.100.9 - - [06/Dec/2020:16:39:38 +0300] "GET /wp-content/cache/minify/c2bba.js HTTP/1.1" 200 505 "https://weblampa.ru/it-poleznyashki/ssh-server-refused-our-key.html" "Mozilla/5.0 (Windows NT 10.0; Win64; x64) AppleWebKit/537.36 (KHTML, like Gecko) Chrome/87.0.4280.88 Safari/537.36/9Lxb51d3-49"
188.163.100.9 - - [06/Dec/2020:16:39:38 +0300] "GET /wp-content/cache/minify/0661a.js HTTP/1.1" 200 1564 "https://weblampa.ru/it-poleznyashki/ssh-server-refused-our-key.html" "Mozilla/5.0 (Windows NT 10.0; Win64; x64) AppleWebKit/537.36 (KHTML, like Gecko) Chrome/87.0.4280.88 Safari/537.36/9Lxb51d3-49"
188.163.100.9 - - [06/Dec/2020:16:39:38 +0300] "GET /wp-content/cache/minify/72637.js HTTP/1.1" 200 2064 "https://weblampa.ru/it-poleznyashki/ssh-server-refused-our-key.html" "Mozilla/5.0 (Windows NT 10.0; Win64; x64) AppleWebKit/537.36 (KHTML, like Gecko) Chrome/87.0.4280.88 Safari/537.36/9Lxb51d3-49"
188.163.100.9 - - [06/Dec/2020:16:39:38 +0300] "GET /wp-content/cache/minify/46863.js HTTP/1.1" 200 3878 "https://weblampa.ru/it-poleznyashki/ssh-server-refused-our-key.html" "Mozilla/5.0 (Windows NT 10.0; Win64; x64) AppleWebKit/537.36 (KHTML, like Gecko) Chrome/87.0.4280.88 Safari/537.36/9Lxb51d3-49"
188.163.100.9 - - [06/Dec/2020:16:39:39 +0300] "GET /wp-includes/js/wp-emoji-release.min.js?ver=5.4.2 HTTP/1.1" 200 4661 "https://weblampa.ru/it-poleznyashki/ssh-server-refused-our-key.html" "Mozilla/5.0 (Windows NT 10.0; Win64; x64) AppleWebKit/537.36 (KHTML, like Gecko) Chrome/87.0.4280.88 Safari/537.36/9Lxb51d3-49"
188.163.100.9 - - [06/Dec/2020:16:39:39 +0300] "GET /wp-content/uploads/2016/04/kronos_at_mars_cc_by_macrebisz.jpg HTTP/1.1" 200 689920 "https://weblampa.ru/it-poleznyashki/ssh-server-refused-our-key.html" "Mozilla/5.0 (Windows NT 10.0; Win64; x64) AppleWebKit/537.36 (KHTML, like Gecko) Chrome/87.0.4280.88 Safari/537.36/9Lxb51d3-49"
188.163.100.9 - - [06/Dec/2020:16:39:39 +0300] "GET /wp-content/themes/flat/assets/fonts/fontawesome-webfont.woff2?v=4.3.0 HTTP/1.1" 200 56780 "https://weblampa.ru/wp-content/cache/minify/348fa.css" "Mozilla/5.0 (Windows NT 10.0; Win64; x64) AppleWebKit/537.36 (KHTML, like Gecko) Chrome/87.0.4280.88 Safari/537.36/9Lxb51d3-49"
188.163.100.9 - - [06/Dec/2020:16:39:42 +0300] "GET /wp-content/uploads/2016/03/cropped-Lamp-32x32.png HTTP/1.1" 200 1393 "https://weblampa.ru/it-poleznyashki/ssh-server-refused-our-key.html" "Mozilla/5.0 (Windows NT 10.0; Win64; x64) AppleWebKit/537.36 (KHTML, like Gecko) Chrome/87.0.4280.88 Safari/537.36/9Lxb51d3-49"
62.4.21.165 - - [06/Dec/2020:16:44:06 +0300] "GET /.env HTTP/1.1" 302 682 "-" "python-requests/2.24.0"
62.4.21.165 - - [06/Dec/2020:16:44:06 +0300] "GET /.env HTTP/1.1" 403 1228 "-" "python-requests/2.24.0"
62.4.21.165 - - [06/Dec/2020:16:44:11 +0300] "GET /.env HTTP/1.1" 302 682 "-" "python-requests/2.24.0"
62.4.21.165 - - [06/Dec/2020:16:44:22 +0300] "GET /.env HTTP/1.1" 403 1228 "-" "python-requests/2.24.0"
62.4.21.165 - - [06/Dec/2020:16:44:32 +0300] "GET /.env HTTP/1.1" 302 682 "-" "python-requests/2.24.0"
62.4.21.165 - - [06/Dec/2020:16:44:37 +0300] "GET /.env HTTP/1.1" 403 1228 "-" "python-requests/2.24.0"
171.22.212.62 - - [06/Dec/2020:16:52:06 +0300] "GET /wp-content/cache/minify/75021.css HTTP/2" 200 17546 "https://www.google.com/" "Mozilla/5.0 (Linux; Android 9; TA-1032) AppleWebKit/537.36 (KHTML, like Gecko) Chrome/87.0.4280.86 Mobile Safari/537.36"
171.22.212.62 - - [06/Dec/2020:16:52:06 +0300] "GET /wp-content/cache/minify/348fa.css HTTP/2" 200 27963 "https://www.google.com/" "Mozilla/5.0 (Linux; Android 9; TA-1032) AppleWebKit/537.36 (KHTML, like Gecko) Chrome/87.0.4280.86 Mobile Safari/537.36"
171.22.212.62 - - [06/Dec/2020:16:52:06 +0300] "GET /wp-content/cache/minify/f6b37.js HTTP/2" 200 46427 "https://www.google.com/" "Mozilla/5.0 (Linux; Android 9; TA-1032) AppleWebKit/537.36 (KHTML, like Gecko) Chrome/87.0.4280.86 Mobile Safari/537.36"
171.22.212.62 - - [06/Dec/2020:16:52:06 +0300] "GET /it-poleznyashki/spravochnik-po-nastroykam-bios.html HTTP/2" 200 56522 "https://www.google.com/" "Mozilla/5.0 (Linux; Android 9; TA-1032) AppleWebKit/537.36 (KHTML, like Gecko) Chrome/87.0.4280.86 Mobile Safari/537.36"
171.22.212.62 - - [06/Dec/2020:16:52:08 +0300] "GET /wp-content/uploads/2016/03/Lamplogo1.png HTTP/1.1" 200 9627 "https://weblampa.ru/it-poleznyashki/spravochnik-po-nastroykam-bios.html" "Mozilla/5.0 (Linux; Android 9; TA-1032) AppleWebKit/537.36 (KHTML, like Gecko) Chrome/87.0.4280.86 Mobile Safari/537.36"
171.22.212.62 - - [06/Dec/2020:16:52:08 +0300] "GET /wp-includes/js/wp-emoji-release.min.js?ver=5.4.2 HTTP/1.1" 200 4276 "https://weblampa.ru/it-poleznyashki/spravochnik-po-nastroykam-bios.html" "Mozilla/5.0 (Linux; Android 9; TA-1032) AppleWebKit/537.36 (KHTML, like Gecko) Chrome/87.0.4280.86 Mobile Safari/537.36"
171.22.212.62 - - [06/Dec/2020:16:52:08 +0300] "GET /wp-content/cache/minify/f8767.js HTTP/1.1" 200 440 "https://weblampa.ru/it-poleznyashki/spravochnik-po-nastroykam-bios.html" "Mozilla/5.0 (Linux; Android 9; TA-1032) AppleWebKit/537.36 (KHTML, like Gecko) Chrome/87.0.4280.86 Mobile Safari/537.36"
171.22.212.62 - - [06/Dec/2020:16:52:08 +0300] "GET /wp-content/cache/minify/c2bba.js HTTP/1.1" 200 505 "https://weblampa.ru/it-poleznyashki/spravochnik-po-nastroykam-bios.html" "Mozilla/5.0 (Linux; Android 9; TA-1032) AppleWebKit/537.36 (KHTML, like Gecko) Chrome/87.0.4280.86 Mobile Safari/537.36"
171.22.212.62 - - [06/Dec/2020:16:52:08 +0300] "GET /wp-content/cache/minify/0661a.js HTTP/1.1" 200 1564 "https://weblampa.ru/it-poleznyashki/spravochnik-po-nastroykam-bios.html" "Mozilla/5.0 (Linux; Android 9; TA-1032) AppleWebKit/537.36 (KHTML, like Gecko) Chrome/87.0.4280.86 Mobile Safari/537.36"
171.22.212.62 - - [06/Dec/2020:16:52:08 +0300] "GET /wp-content/cache/minify/72637.js HTTP/1.1" 200 2064 "https://weblampa.ru/it-poleznyashki/spravochnik-po-nastroykam-bios.html" "Mozilla/5.0 (Linux; Android 9; TA-1032) AppleWebKit/537.36 (KHTML, like Gecko) Chrome/87.0.4280.86 Mobile Safari/537.36"
171.22.212.62 - - [06/Dec/2020:16:52:08 +0300] "GET /wp-content/cache/minify/46863.js HTTP/1.1" 200 3878 "https://weblampa.ru/it-poleznyashki/spravochnik-po-nastroykam-bios.html" "Mozilla/5.0 (Linux; Android 9; TA-1032) AppleWebKit/537.36 (KHTML, like Gecko) Chrome/87.0.4280.86 Mobile Safari/537.36"
171.22.212.62 - - [06/Dec/2020:16:52:08 +0300] "GET /wp-content/themes/flat/assets/fonts/fontawesome-webfont.woff2?v=4.3.0 HTTP/1.1" 200 56780 "https://weblampa.ru/wp-content/cache/minify/348fa.css" "Mozilla/5.0 (Linux; Android 9; TA-1032) AppleWebKit/537.36 (KHTML, like Gecko) Chrome/87.0.4280.86 Mobile Safari/537.36"
171.22.212.62 - - [06/Dec/2020:16:52:08 +0300] "GET /wp-content/uploads/2016/04/kronos_at_mars_cc_by_macrebisz.jpg HTTP/1.1" 200 689920 "https://weblampa.ru/it-poleznyashki/spravochnik-po-nastroykam-bios.html" "Mozilla/5.0 (Linux; Android 9; TA-1032) AppleWebKit/537.36 (KHTML, like Gecko) Chrome/87.0.4280.86 Mobile Safari/537.36"
171.22.212.62 - - [06/Dec/2020:16:52:18 +0300] "GET /wp-content/uploads/2016/03/cropped-Lamp-192x192.png HTTP/1.1" 200 10996 "https://weblampa.ru/it-poleznyashki/spravochnik-po-nastroykam-bios.html" "Mozilla/5.0 (Linux; Android 9; TA-1032) AppleWebKit/537.36 (KHTML, like Gecko) Chrome/87.0.4280.86 Mobile Safari/537.36"
171.22.212.62 - - [06/Dec/2020:16:52:18 +0300] "GET /wp-content/uploads/2016/03/cropped-Lamp-180x180.png HTTP/1.1" 200 12136 "https://weblampa.ru/it-poleznyashki/spravochnik-po-nastroykam-bios.html" "Mozilla/5.0 (Linux; Android 9; TA-1032) AppleWebKit/537.36 (KHTML, like Gecko) Chrome/87.0.4280.86 Mobile Safari/537.36"
185.87.196.23 - - [06/Dec/2020:17:04:18 +0300] "POST /wp-cron.php?doing_wp_cron=1607263458.1695818901062011718750 HTTP/1.1" 200 - "https://weblampa.ru/wp-cron.php?doing_wp_cron=1607263458.1695818901062011718750" "WordPress/5.4.2; https://weblampa.ru"
207.46.13.123 - - [06/Dec/2020:17:04:17 +0300] "GET /it-poleznyashki/6-klyuchevyih-shagov-dlya-zashhityi-korporativ.html HTTP/1.1" 403 1103 "-" "Mozilla/5.0 (compatible; bingbot/2.0; +http://www.bing.com/bingbot.htm)"
207.46.13.123 - - [06/Dec/2020:17:04:19 +0300] "GET /it-poleznyashki/6-klyuchevyih-shagov-dlya-zashhityi-korporativ.html HTTP/1.0" 403 1083 "-" "Mozilla/5.0 (compatible; bingbot/2.0; +http://www.bing.com/bingbot.htm)"
66.249.64.167 - - [06/Dec/2020:17:09:51 +0300] "GET /robots.txt HTTP/1.1" 200 180 "-" "Mozilla/5.0 (compatible; Googlebot/2.1; +http://www.google.com/bot.html)"
