77.41.190.32 - - [07/Dec/2020:03:48:48 +0300] "GET /wp-content/themes/flat/assets/fonts/fontawesome-webfont.woff2?v=4.3.0 HTTP/2" 200 56780 "https://weblampa.ru/wp-content/cache/minify/348fa.css" "Mozilla/5.0 (Windows NT 6.1; Win64; x64) AppleWebKit/537.36 (KHTML, like Gecko) Chrome/86.0.4240.185 YaBrowser/20.11.2.78 Yowser/2.5 Safari/537.36"
77.41.190.32 - - [07/Dec/2020:03:48:47 +0300] "GET /wp-content/uploads/2016/04/kronos_at_mars_cc_by_macrebisz.jpg HTTP/2" 200 689920 "https://weblampa.ru/it-poleznyashki/skachat-video-s-adobe-connect.html" "Mozilla/5.0 (Windows NT 6.1; Win64; x64) AppleWebKit/537.36 (KHTML, like Gecko) Chrome/86.0.4240.185 YaBrowser/20.11.2.78 Yowser/2.5 Safari/537.36"
77.41.190.32 - - [07/Dec/2020:03:48:49 +0300] "GET /wp-content/uploads/2016/03/cropped-Lamp-32x32.png HTTP/2" 200 1393 "https://weblampa.ru/it-poleznyashki/skachat-video-s-adobe-connect.html" "Mozilla/5.0 (Windows NT 6.1; Win64; x64) AppleWebKit/537.36 (KHTML, like Gecko) Chrome/86.0.4240.185 YaBrowser/20.11.2.78 Yowser/2.5 Safari/537.36"
66.249.64.163 - - [07/Dec/2020:03:53:08 +0300] "GET /robots.txt HTTP/1.1" 200 180 "-" "Mozilla/5.0 (compatible; Googlebot/2.1; +http://www.google.com/bot.html)"
66.249.64.160 - - [07/Dec/2020:03:53:08 +0300] "GET /%D0%BE%D1%82%D0%B2%D0%BB%D0%B5%D1%87%D1%91%D0%BD%D0%BD%D0%BE%D0%B5/gxpro-player-7-5.html HTTP/1.1" 200 9992 "-" "Mozilla/5.0 (Linux; Android 6.0.1; Nexus 5X Build/MMB29P) AppleWebKit/537.36 (KHTML, like Gecko) Chrome/86.0.4240.96 Mobile Safari/537.36 (compatible; Googlebot/2.1; +http://www.google.com/bot.html)"
168.119.51.156 - - [07/Dec/2020:04:12:54 +0300] "GET /robots.txt HTTP/1.1" 200 206 "-" "Mozilla/5.0 (compatible; um-IC/1.0; mailto: techinfo@ubermetrics-technologies.com; Windows NT 6.1; WOW64; rv:40.0) Gecko/20100101 Firefox/40.1"
185.87.196.23 - - [07/Dec/2020:04:12:54 +0300] "POST /wp-cron.php?doing_wp_cron=1607303574.6378290653228759765625 HTTP/1.1" 200 - "https://weblampa.ru/wp-cron.php?doing_wp_cron=1607303574.6378290653228759765625" "WordPress/5.4.2; https://weblampa.ru"
168.119.51.156 - - [07/Dec/2020:04:12:54 +0300] "GET /it-poleznyashki/izmenenie-mac-adresa-v-redaktore-reestra.html/feed HTTP/1.1" 200 1812 "-" "Mozilla/5.0 (compatible; um-IC/1.0; mailto: techinfo@ubermetrics-technologies.com; Windows NT 6.1; WOW64; rv:40.0) Gecko/20100101 Firefox/40.1"
141.8.142.90 - - [07/Dec/2020:04:15:19 +0300] "GET / HTTP/1.1" 302 682 "-" "Mozilla/5.0 (compatible; YandexMetrika/2.0; +http://yandex.com/bots yabs01)"
213.180.203.184 - - [07/Dec/2020:04:15:20 +0300] "GET / HTTP/1.1" 200 24755 "-" "Mozilla/5.0 (compatible; YandexMetrika/2.0; +http://yandex.com/bots yabs01)"
18.206.173.37 - - [07/Dec/2020:04:16:31 +0300] "GET /sellers.json HTTP/2" 404 8795 "-" "Mozilla/5.0 (Macintosh; Intel Mac OS X 10_12_6) AppleWebKit/537.36 (KHTML, like Gecko) Chrome/66.0.3359.181 Safari/537.36"
185.87.196.23 - - [07/Dec/2020:04:20:43 +0300] "POST /wp-cron.php?doing_wp_cron=1607304042.9050600528717041015625 HTTP/1.1" 200 - "https://weblampa.ru/wp-cron.php?doing_wp_cron=1607304042.9050600528717041015625" "WordPress/5.4.2; https://weblampa.ru"
2a02:2168:8ef9:cb00:4d98:2f20:2377:a0f4 - - [07/Dec/2020:04:20:42 +0300] "GET /it-poleznyashki/nastroyka-wake-on-wireless-lan-wowlan.html HTTP/2" 200 10727 "https://yandex.ru/clck/jsredir?bu=dumr5z&from=yandex.ru%3Bsearch%2F%3Bweb%3B%3B&text=&etext=2202.klmFEXL2cU9Ps2nLyGKAX8mL6HXVQ2kHOagEMS69u11uZW1zdG1yY2Ruam9kaWVj.5ae4f6b920fbe6c2580205d9df98edc62eb02a29&uuid=&state=jLT9ScZ_wbo,&&cst=AiuY0DBWFJ5fN_r-AEszk5LJnLqIvtR4Or5lTX_OiECLKARRhssZKMXKlcCOnmgWTStJo0ioNl9-CVDc8lCcdEIivFfZC3lP-F2fDgc0xoSf9EqxYIOLL0tmwRPcUnkW4B51LgUgQOdBxuczjuns8ePEfWatBa74sU2AGtRp3qVTGYwO6WJ1Q6Y43RFtyN737gJPhmw9_GXsDO1usfN27Zk7XrO4ga-eJKCDePi4VGa7KrNfeVMfg5sXxMMCS18rM17-70sgLzh7PRpDCTme3cLGScaXkwpAw41gxUWFdtCgc4JWVFbbVQRJ1A-kCEvYthY5GW7Cv4gTig8beISdwBkGXJec9CvzAiprwcB1NwWYnjY_iOUpQq72XxYvBGS9JbgX_4t43IpwZVY14NfBcjTIcbjlEP69X74GlNVSF8BmxdnSpA5vwb-msjySPUn5NX1yqCmipoJC1nYc3YYH7kkWveHEsAC5Z_LtHs-qDsU1lzUo0wpp49rLi3kJfpmg5xOxn08n-WD1JPFaGMN2gVR_GaOlTG4M_JisG69pxMsFf4kVH24H_4lO0tiOZ_nassq3sUYqh3q-8WcV3EUB203CSxHfnJdyYr6poRos52eOVa7YbgUBfqAuW9jjxQOoRA1xQXbI375R4PLg5aJTOQ8a9vkw5uNxC5E5YcMgS1AOfG2dyev3PbRJpTY6iVNzEpvbEt0morUQyjqts0F3HWRPYOm7rR6JQ4cfvH2Mp6dACvvfoRzs8nuv4U9r2ONL4Qv5sOrTpzyAxbvg3tED9mDFq5GrWJv2uSJaOJv06JcXZPexJVGGjPI10sKrfzi40kDddZK47KoFzMj3JsGXgs7wJ5QKN3uihJw6bCd03bUqUHqKT3lE72BaYgnKp6C6pNZ-5zWeVc0r_BYl_mM18A9BeUkYyju7a0HqlFx4cGG8g08joySBs9he9MvjJxkm2XM-NvLs9zSb7eb4LdrmpJgh6DVX_2CPS9KV9mn0h4Ug3LgKnHSUrYAXdz5vpJaZ&data=UlNrNmk5WktYejY4cHFySjRXSWhXQjJGNTZzMk9Qem9sRGFrTFFqdDl6V1dNbXN4VF9LYlZfempNX1VOWUhtX1dkLVAxT092ZmM3WUFoeVpqWkRnb3Rub3RCMl9LMF9nRWQ0OUNxMkRhbWZNa0xxLUFJME13bVdfZjVyU3NZTlpUbEJoY1p4U1hXUjJaeTk4NWhMUHFvSDNEUTdKa1l1djZvTXVQbUdVT0J6d2JVSEdSM09CaUEsLA,,&sign=6c82d8332f4b01d6ad2e8090053d0d2b&keyno=0&b64e=2&ref=orjY4mGPRjk5boDnW0uvlrrd71vZw9kp8uD5vPaATrJzC3lEgpm0yapbZTsGCdc150qN-h0PfCc,&l10n=ru&cts=1607304043454%40%40events%3D%5B%7B%22event%22%3A%22click%22%2C%22id%22%3A%22dumr5z%22%2C%22cts%22%3A1607304043454%2C%22fast%22%3A%7B%22organic%22%3A1%7D%2C%22service%22%3A%22web%22%2C%22event-id%22%3A%22kidvbt8em4%22%7D%5D&mc=3.970573095811688&hdtime=5583.52" "Mozilla/5.0 (Windows NT 10.0; Win64; x64) AppleWebKit/537.36 (KHTML, like Gecko) Chrome/87.0.4280.88 Safari/537.36"
2a02:2168:8ef9:cb00:4d98:2f20:2377:a0f4 - - [07/Dec/2020:04:20:44 +0300] "GET /wp-content/cache/minify/75021.css HTTP/2" 200 17546 "https://weblampa.ru/it-poleznyashki/nastroyka-wake-on-wireless-lan-wowlan.html" "Mozilla/5.0 (Windows NT 10.0; Win64; x64) AppleWebKit/537.36 (KHTML, like Gecko) Chrome/87.0.4280.88 Safari/537.36"
2a02:2168:8ef9:cb00:4d98:2f20:2377:a0f4 - - [07/Dec/2020:04:20:44 +0300] "GET /wp-content/cache/minify/348fa.css HTTP/2" 200 27963 "https://weblampa.ru/it-poleznyashki/nastroyka-wake-on-wireless-lan-wowlan.html" "Mozilla/5.0 (Windows NT 10.0; Win64; x64) AppleWebKit/537.36 (KHTML, like Gecko) Chrome/87.0.4280.88 Safari/537.36"
2a02:2168:8ef9:cb00:4d98:2f20:2377:a0f4 - - [07/Dec/2020:04:20:44 +0300] "GET /wp-content/cache/minify/f6b37.js HTTP/2" 200 46427 "https://weblampa.ru/it-poleznyashki/nastroyka-wake-on-wireless-lan-wowlan.html" "Mozilla/5.0 (Windows NT 10.0; Win64; x64) AppleWebKit/537.36 (KHTML, like Gecko) Chrome/87.0.4280.88 Safari/537.36"
2a02:2168:8ef9:cb00:4d98:2f20:2377:a0f4 - - [07/Dec/2020:04:20:44 +0300] "GET /wp-content/uploads/2016/03/Lamplogo1.png HTTP/2" 200 9627 "https://weblampa.ru/it-poleznyashki/nastroyka-wake-on-wireless-lan-wowlan.html" "Mozilla/5.0 (Windows NT 10.0; Win64; x64) AppleWebKit/537.36 (KHTML, like Gecko) Chrome/87.0.4280.88 Safari/537.36"
2a02:2168:8ef9:cb00:4d98:2f20:2377:a0f4 - - [07/Dec/2020:04:20:44 +0300] "GET /wp-content/cache/minify/f8767.js HTTP/2" 200 440 "https://weblampa.ru/it-poleznyashki/nastroyka-wake-on-wireless-lan-wowlan.html" "Mozilla/5.0 (Windows NT 10.0; Win64; x64) AppleWebKit/537.36 (KHTML, like Gecko) Chrome/87.0.4280.88 Safari/537.36"
2a02:2168:8ef9:cb00:4d98:2f20:2377:a0f4 - - [07/Dec/2020:04:20:44 +0300] "GET /wp-content/cache/minify/c2bba.js HTTP/2" 200 505 "https://weblampa.ru/it-poleznyashki/nastroyka-wake-on-wireless-lan-wowlan.html" "Mozilla/5.0 (Windows NT 10.0; Win64; x64) AppleWebKit/537.36 (KHTML, like Gecko) Chrome/87.0.4280.88 Safari/537.36"
2a02:2168:8ef9:cb00:4d98:2f20:2377:a0f4 - - [07/Dec/2020:04:20:44 +0300] "GET /wp-content/cache/minify/0661a.js HTTP/2" 200 1564 "https://weblampa.ru/it-poleznyashki/nastroyka-wake-on-wireless-lan-wowlan.html" "Mozilla/5.0 (Windows NT 10.0; Win64; x64) AppleWebKit/537.36 (KHTML, like Gecko) Chrome/87.0.4280.88 Safari/537.36"
2a02:2168:8ef9:cb00:4d98:2f20:2377:a0f4 - - [07/Dec/2020:04:20:44 +0300] "GET /wp-content/cache/minify/72637.js HTTP/2" 200 2064 "https://weblampa.ru/it-poleznyashki/nastroyka-wake-on-wireless-lan-wowlan.html" "Mozilla/5.0 (Windows NT 10.0; Win64; x64) AppleWebKit/537.36 (KHTML, like Gecko) Chrome/87.0.4280.88 Safari/537.36"
2a02:2168:8ef9:cb00:4d98:2f20:2377:a0f4 - - [07/Dec/2020:04:20:44 +0300] "GET /wp-content/cache/minify/46863.js HTTP/2" 200 3878 "https://weblampa.ru/it-poleznyashki/nastroyka-wake-on-wireless-lan-wowlan.html" "Mozilla/5.0 (Windows NT 10.0; Win64; x64) AppleWebKit/537.36 (KHTML, like Gecko) Chrome/87.0.4280.88 Safari/537.36"
2a02:2168:8ef9:cb00:4d98:2f20:2377:a0f4 - - [07/Dec/2020:04:20:44 +0300] "GET /wp-content/uploads/2016/04/kronos_at_mars_cc_by_macrebisz.jpg HTTP/2" 200 689920 "https://weblampa.ru/it-poleznyashki/nastroyka-wake-on-wireless-lan-wowlan.html" "Mozilla/5.0 (Windows NT 10.0; Win64; x64) AppleWebKit/537.36 (KHTML, like Gecko) Chrome/87.0.4280.88 Safari/537.36"
2a02:2168:8ef9:cb00:4d98:2f20:2377:a0f4 - - [07/Dec/2020:04:20:44 +0300] "GET /wp-content/themes/flat/assets/fonts/fontawesome-webfont.woff2?v=4.3.0 HTTP/2" 200 56780 "https://weblampa.ru/wp-content/cache/minify/348fa.css" "Mozilla/5.0 (Windows NT 10.0; Win64; x64) AppleWebKit/537.36 (KHTML, like Gecko) Chrome/87.0.4280.88 Safari/537.36"
2a02:2168:8ef9:cb00:4d98:2f20:2377:a0f4 - - [07/Dec/2020:04:20:44 +0300] "GET /wp-includes/js/wp-emoji-release.min.js?ver=5.4.2 HTTP/2" 200 4276 "https://weblampa.ru/it-poleznyashki/nastroyka-wake-on-wireless-lan-wowlan.html" "Mozilla/5.0 (Windows NT 10.0; Win64; x64) AppleWebKit/537.36 (KHTML, like Gecko) Chrome/87.0.4280.88 Safari/537.36"
2a02:2168:8ef9:cb00:4d98:2f20:2377:a0f4 - - [07/Dec/2020:04:20:45 +0300] "GET /wp-content/uploads/2016/03/cropped-Lamp-32x32.png HTTP/2" 200 1393 "https://weblampa.ru/it-poleznyashki/nastroyka-wake-on-wireless-lan-wowlan.html" "Mozilla/5.0 (Windows NT 10.0; Win64; x64) AppleWebKit/537.36 (KHTML, like Gecko) Chrome/87.0.4280.88 Safari/537.36"
114.119.131.182 - - [07/Dec/2020:04:21:28 +0300] "GET /robots.txt HTTP/1.1" 302 682 "-" "(compatible;PetalBot;+https://aspiegel.com/petalbot)"
114.119.131.182 - - [07/Dec/2020:04:21:29 +0300] "GET /robots.txt HTTP/1.1" 200 206 "-" "(compatible;PetalBot;+https://aspiegel.com/petalbot)"
66.249.70.71 - - [07/Dec/2020:04:23:31 +0300] "GET /robots.txt HTTP/1.1" 302 682 "-" "Mozilla/5.0 (compatible; Googlebot/2.1; +http://www.google.com/bot.html)"
66.249.70.90 - - [07/Dec/2020:04:23:32 +0300] "GET /robots.txt HTTP/1.1" 200 180 "-" "Mozilla/5.0 (compatible; Googlebot/2.1; +http://www.google.com/bot.html)"
66.249.70.69 - - [07/Dec/2020:04:23:32 +0300] "GET / HTTP/1.1" 302 682 "-" "Mozilla/5.0 (Linux; Android 6.0.1; Nexus 5X Build/MMB29P) AppleWebKit/537.36 (KHTML, like Gecko) Chrome/86.0.4240.96 Mobile Safari/537.36 (compatible; Googlebot/2.1; +http://www.google.com/bot.html)"
66.249.70.92 - - [07/Dec/2020:04:23:33 +0300] "GET / HTTP/1.1" 301 - "-" "Mozilla/5.0 (Linux; Android 6.0.1; Nexus 5X Build/MMB29P) AppleWebKit/537.36 (KHTML, like Gecko) Chrome/86.0.4240.96 Mobile Safari/537.36 (compatible; Googlebot/2.1; +http://www.google.com/bot.html)"
66.249.64.160 - - [07/Dec/2020:04:23:34 +0300] "GET / HTTP/1.1" 200 24755 "-" "Mozilla/5.0 (Linux; Android 6.0.1; Nexus 5X Build/MMB29P) AppleWebKit/537.36 (KHTML, like Gecko) Chrome/86.0.4240.96 Mobile Safari/537.36 (compatible; Googlebot/2.1; +http://www.google.com/bot.html)"
185.87.196.23 - - [07/Dec/2020:04:40:33 +0300] "POST /wp-cron.php?doing_wp_cron=1607305233.6306068897247314453125 HTTP/1.1" 200 - "https://weblampa.ru/wp-cron.php?doing_wp_cron=1607305233.6306068897247314453125" "WordPress/5.4.2; https://weblampa.ru"
17.58.98.12 - - [07/Dec/2020:04:40:33 +0300] "GET /author/discentem/page/2 HTTP/1.1" 200 18058 "-" "Mozilla/5.0 (Macintosh; Intel Mac OS X 10_15_5) AppleWebKit/605.1.15 (KHTML, like Gecko) Version/13.1.1 Safari/605.1.15 (Applebot/0.1; +http://www.apple.com/go/applebot)"
66.249.64.163 - - [07/Dec/2020:04:43:21 +0300] "GET / HTTP/1.1" 200 24755 "-" "Mozilla/5.0 (compatible; Googlebot/2.1; +http://www.google.com/bot.html)"
168.119.51.159 - - [07/Dec/2020:04:45:50 +0300] "GET /robots.txt HTTP/1.1" 200 206 "-" "Mozilla/5.0 (compatible; um-IC/1.0; mailto: techinfo@ubermetrics-technologies.com; Windows NT 6.1; WOW64; rv:40.0) Gecko/20100101 Firefox/40.1"
168.119.51.159 - - [07/Dec/2020:04:45:50 +0300] "GET /topics/win/feed HTTP/1.1" 200 7330 "-" "Mozilla/5.0 (compatible; um-IC/1.0; mailto: techinfo@ubermetrics-technologies.com; Windows NT 6.1; WOW64; rv:40.0) Gecko/20100101 Firefox/40.1"
5.255.231.75 - - [07/Dec/2020:04:50:47 +0300] "GET / HTTP/1.1" 302 682 "-" "Mozilla/5.0 (compatible; YandexMetrika/2.0; +http://yandex.com/bots yabs01)"
5.45.207.74 - - [07/Dec/2020:04:50:47 +0300] "GET / HTTP/1.1" 200 24755 "-" "Mozilla/5.0 (compatible; YandexMetrika/2.0; +http://yandex.com/bots yabs01)"
185.87.196.23 - - [07/Dec/2020:05:02:50 +0300] "POST /wp-cron.php?doing_wp_cron=1607306570.1167690753936767578125 HTTP/1.1" 200 - "https://weblampa.ru/wp-cron.php?doing_wp_cron=1607306570.1167690753936767578125" "WordPress/5.4.2; https://weblampa.ru"
168.119.51.159 - - [07/Dec/2020:05:02:49 +0300] "GET /topics/nix/freebsd/feed HTTP/1.1" 200 1831 "-" "Mozilla/5.0 (compatible; um-IC/1.0; mailto: techinfo@ubermetrics-technologies.com; Windows NT 6.1; WOW64; rv:40.0) Gecko/20100101 Firefox/40.1"
66.249.64.167 - - [07/Dec/2020:05:05:09 +0300] "GET /robots.txt HTTP/1.1" 200 180 "-" "Mozilla/5.0 (compatible; Googlebot/2.1; +http://www.google.com/bot.html)"
66.249.64.163 - - [07/Dec/2020:05:05:09 +0300] "GET /homelab-with-gambling-and-courtesans/ HTTP/1.1" 404 8012 "-" "Mozilla/5.0 (Linux; Android 6.0.1; Nexus 5X Build/MMB29P) AppleWebKit/537.36 (KHTML, like Gecko) Chrome/87.0.4280.88 Mobile Safari/537.36 (compatible; Googlebot/2.1; +http://www.google.com/bot.html)"
78.47.51.219 - - [07/Dec/2020:05:15:42 +0300] "GET /robots.txt HTTP/1.1" 200 206 "-" "Mozilla/5.0 (compatible; um-IC/1.0; mailto: techinfo@ubermetrics-technologies.com; Windows NT 6.1; WOW64; rv:40.0) Gecko/20100101 Firefox/40.1"
185.87.196.23 - - [07/Dec/2020:05:15:43 +0300] "POST /wp-cron.php?doing_wp_cron=1607307343.0718729496002197265625 HTTP/1.1" 200 - "https://weblampa.ru/wp-cron.php?doing_wp_cron=1607307343.0718729496002197265625" "WordPress/5.4.2; https://weblampa.ru"
78.47.51.219 - - [07/Dec/2020:05:15:42 +0300] "GET /feed HTTP/1.1" 200 17819 "-" "Mozilla/5.0 (compatible; um-IC/1.0; mailto: techinfo@ubermetrics-technologies.com; Windows NT 6.1; WOW64; rv:40.0) Gecko/20100101 Firefox/40.1"
185.87.196.23 - - [07/Dec/2020:05:21:39 +0300] "POST /wp-cron.php?doing_wp_cron=1607307699.8416450023651123046875 HTTP/1.1" 200 - "https://weblampa.ru/wp-cron.php?doing_wp_cron=1607307699.8416450023651123046875" "WordPress/5.4.2; https://weblampa.ru"
168.119.51.156 - - [07/Dec/2020:05:21:39 +0300] "GET /author/discentem/feed HTTP/1.1" 200 17836 "-" "Mozilla/5.0 (compatible; um-IC/1.0; mailto: techinfo@ubermetrics-technologies.com; Windows NT 6.1; WOW64; rv:40.0) Gecko/20100101 Firefox/40.1"
213.180.203.2 - - [07/Dec/2020:05:26:47 +0300] "GET / HTTP/1.1" 302 682 "-" "Mozilla/5.0 (compatible; YandexMetrika/2.0; +http://yandex.com/bots yabs01)"
213.180.203.184 - - [07/Dec/2020:05:26:48 +0300] "GET / HTTP/1.1" 200 24756 "-" "Mozilla/5.0 (compatible; YandexMetrika/2.0; +http://yandex.com/bots yabs01)"
185.87.196.23 - - [07/Dec/2020:05:51:24 +0300] "POST /wp-cron.php?doing_wp_cron=1607309484.2170040607452392578125 HTTP/1.1" 200 - "https://weblampa.ru/wp-cron.php?doing_wp_cron=1607309484.2170040607452392578125" "WordPress/5.4.2; https://weblampa.ru"
114.119.128.253 - - [07/Dec/2020:05:51:23 +0300] "GET /%D0%BE%D1%82%D0%B2%D0%BB%D0%B5%D1%87%D1%91%D0%BD%D0%BD%D0%BE%D0%B5/20-saytov-dlya-vdohnoveniya.html HTTP/1.1" 200 9516 "-" "Mozilla/5.0 (Linux; Android 7.0;) AppleWebKit/537.36 (KHTML, like Gecko) Mobile Safari/537.36 (compatible; PetalBot;+https://aspiegel.com/petalbot)"
141.8.142.90 - - [07/Dec/2020:05:56:52 +0300] "GET / HTTP/1.1" 302 682 "-" "Mozilla/5.0 (compatible; YandexMetrika/2.0; +http://yandex.com/bots yabs01)"
213.180.203.184 - - [07/Dec/2020:05:56:52 +0300] "GET / HTTP/1.1" 200 24756 "-" "Mozilla/5.0 (compatible; YandexMetrika/2.0; +http://yandex.com/bots yabs01)"
185.87.196.23 - - [07/Dec/2020:06:02:28 +0300] "POST /wp-cron.php?doing_wp_cron=1607310148.2215321063995361328125 HTTP/1.1" 200 - "https://weblampa.ru/wp-cron.php?doing_wp_cron=1607310148.2215321063995361328125" "WordPress/5.4.2; https://weblampa.ru"
184.72.199.22 - - [07/Dec/2020:06:02:27 +0300] "GET /sellers.json HTTP/2" 404 8795 "-" "Mozilla/5.0 (Macintosh; Intel Mac OS X 10_12_6) AppleWebKit/537.36 (KHTML, like Gecko) Chrome/66.0.3359.181 Safari/537.36"
141.8.142.90 - - [07/Dec/2020:06:27:19 +0300] "GET / HTTP/1.1" 302 682 "-" "Mozilla/5.0 (compatible; YandexMetrika/2.0; +http://yandex.com/bots yabs01)"
213.180.203.184 - - [07/Dec/2020:06:27:19 +0300] "GET / HTTP/1.1" 200 24756 "-" "Mozilla/5.0 (compatible; YandexMetrika/2.0; +http://yandex.com/bots yabs01)"
95.163.114.198 - - [07/Dec/2020:06:29:18 +0300] "GET / HTTP/1.1" 302 682 "-" "Mozilla/5.0 (X11; Linux x86_64) AppleWebKit/537.36 (KHTML, like Gecko) Chrome/37.0.2062.120 Safari/537.36"
185.87.196.23 - - [07/Dec/2020:06:35:44 +0300] "POST /wp-cron.php?doing_wp_cron=1607312144.0546610355377197265625 HTTP/1.1" 200 - "https://weblampa.ru/wp-cron.php?doing_wp_cron=1607312144.0546610355377197265625" "WordPress/5.4.2; https://weblampa.ru"
168.119.51.156 - - [07/Dec/2020:06:35:43 +0300] "GET /topics/mikrotik/feed HTTP/1.1" 200 4223 "-" "Mozilla/5.0 (compatible; um-IC/1.0; mailto: techinfo@ubermetrics-technologies.com; Windows NT 6.1; WOW64; rv:40.0) Gecko/20100101 Firefox/40.1"
66.249.64.160 - - [07/Dec/2020:06:45:09 +0300] "GET /robots.txt HTTP/1.1" 200 180 "-" "Mozilla/5.0 (compatible; Googlebot/2.1; +http://www.google.com/bot.html)"
66.249.64.160 - - [07/Dec/2020:06:45:10 +0300] "GET /feed HTTP/1.1" 200 17821 "-" "Mozilla/5.0 (Linux; Android 6.0.1; Nexus 5X Build/MMB29P) AppleWebKit/537.36 (KHTML, like Gecko) Chrome/87.0.4280.88 Mobile Safari/537.36 (compatible; Googlebot/2.1; +http://www.google.com/bot.html)"
168.119.51.156 - - [07/Dec/2020:06:48:18 +0300] "GET /topics/itil-itsm/feed HTTP/1.1" 200 3441 "-" "Mozilla/5.0 (compatible; um-IC/1.0; mailto: techinfo@ubermetrics-technologies.com; Windows NT 6.1; WOW64; rv:40.0) Gecko/20100101 Firefox/40.1"
2a02:2698:7006:1950:90a:8d3d:bcb0:19f8 - - [07/Dec/2020:06:49:00 +0300] "GET /it-poleznyashki/spravochnik-po-nastroykam-bios.html HTTP/2" 200 56531 "https://yandex.ru/" "Mozilla/5.0 (Linux; U; Android 7.0; ru-ru; Redmi Note 4 Build/NRD90M) AppleWebKit/537.36 (KHTML, like Gecko) Version/4.0 Chrome/71.0.3578.141 Mobile Safari/537.36 XiaoMi/MiuiBrowser/12.6.7-go"
2a02:2698:7006:1950:90a:8d3d:bcb0:19f8 - - [07/Dec/2020:06:49:01 +0300] "GET /wp-content/cache/minify/75021.css HTTP/2" 200 17546 "https://weblampa.ru/it-poleznyashki/spravochnik-po-nastroykam-bios.html" "Mozilla/5.0 (Linux; U; Android 7.0; ru-ru; Redmi Note 4 Build/NRD90M) AppleWebKit/537.36 (KHTML, like Gecko) Version/4.0 Chrome/71.0.3578.141 Mobile Safari/537.36 XiaoMi/MiuiBrowser/12.6.7-go"
2a02:2698:7006:1950:90a:8d3d:bcb0:19f8 - - [07/Dec/2020:06:49:01 +0300] "GET /wp-content/cache/minify/348fa.css HTTP/2" 200 27963 "https://weblampa.ru/it-poleznyashki/spravochnik-po-nastroykam-bios.html" "Mozilla/5.0 (Linux; U; Android 7.0; ru-ru; Redmi Note 4 Build/NRD90M) AppleWebKit/537.36 (KHTML, like Gecko) Version/4.0 Chrome/71.0.3578.141 Mobile Safari/537.36 XiaoMi/MiuiBrowser/12.6.7-go"
2a02:2698:7006:1950:90a:8d3d:bcb0:19f8 - - [07/Dec/2020:06:49:01 +0300] "GET /wp-content/cache/minify/f6b37.js HTTP/2" 200 46427 "https://weblampa.ru/it-poleznyashki/spravochnik-po-nastroykam-bios.html" "Mozilla/5.0 (Linux; U; Android 7.0; ru-ru; Redmi Note 4 Build/NRD90M) AppleWebKit/537.36 (KHTML, like Gecko) Version/4.0 Chrome/71.0.3578.141 Mobile Safari/537.36 XiaoMi/MiuiBrowser/12.6.7-go"
2a02:2698:7006:1950:90a:8d3d:bcb0:19f8 - - [07/Dec/2020:06:49:01 +0300] "GET /wp-content/uploads/2016/03/Lamplogo1.png HTTP/2" 200 9627 "https://weblampa.ru/it-poleznyashki/spravochnik-po-nastroykam-bios.html" "Mozilla/5.0 (Linux; U; Android 7.0; ru-ru; Redmi Note 4 Build/NRD90M) AppleWebKit/537.36 (KHTML, like Gecko) Version/4.0 Chrome/71.0.3578.141 Mobile Safari/537.36 XiaoMi/MiuiBrowser/12.6.7-go"
2a02:2698:7006:1950:90a:8d3d:bcb0:19f8 - - [07/Dec/2020:06:49:01 +0300] "GET /wp-includes/js/wp-emoji-release.min.js?ver=5.4.2 HTTP/2" 200 4661 "https://weblampa.ru/it-poleznyashki/spravochnik-po-nastroykam-bios.html" "Mozilla/5.0 (Linux; U; Android 7.0; ru-ru; Redmi Note 4 Build/NRD90M) AppleWebKit/537.36 (KHTML, like Gecko) Version/4.0 Chrome/71.0.3578.141 Mobile Safari/537.36 XiaoMi/MiuiBrowser/12.6.7-go"
2a02:2698:7006:1950:90a:8d3d:bcb0:19f8 - - [07/Dec/2020:06:49:01 +0300] "GET /wp-content/cache/minify/f8767.js HTTP/2" 200 440 "https://weblampa.ru/it-poleznyashki/spravochnik-po-nastroykam-bios.html" "Mozilla/5.0 (Linux; U; Android 7.0; ru-ru; Redmi Note 4 Build/NRD90M) AppleWebKit/537.36 (KHTML, like Gecko) Version/4.0 Chrome/71.0.3578.141 Mobile Safari/537.36 XiaoMi/MiuiBrowser/12.6.7-go"
2a02:2698:7006:1950:90a:8d3d:bcb0:19f8 - - [07/Dec/2020:06:49:01 +0300] "GET /wp-content/cache/minify/c2bba.js HTTP/2" 200 505 "https://weblampa.ru/it-poleznyashki/spravochnik-po-nastroykam-bios.html" "Mozilla/5.0 (Linux; U; Android 7.0; ru-ru; Redmi Note 4 Build/NRD90M) AppleWebKit/537.36 (KHTML, like Gecko) Version/4.0 Chrome/71.0.3578.141 Mobile Safari/537.36 XiaoMi/MiuiBrowser/12.6.7-go"
2a02:2698:7006:1950:90a:8d3d:bcb0:19f8 - - [07/Dec/2020:06:49:01 +0300] "GET /wp-content/cache/minify/0661a.js HTTP/2" 200 1564 "https://weblampa.ru/it-poleznyashki/spravochnik-po-nastroykam-bios.html" "Mozilla/5.0 (Linux; U; Android 7.0; ru-ru; Redmi Note 4 Build/NRD90M) AppleWebKit/537.36 (KHTML, like Gecko) Version/4.0 Chrome/71.0.3578.141 Mobile Safari/537.36 XiaoMi/MiuiBrowser/12.6.7-go"
2a02:2698:7006:1950:90a:8d3d:bcb0:19f8 - - [07/Dec/2020:06:49:01 +0300] "GET /wp-content/cache/minify/72637.js HTTP/2" 200 2064 "https://weblampa.ru/it-poleznyashki/spravochnik-po-nastroykam-bios.html" "Mozilla/5.0 (Linux; U; Android 7.0; ru-ru; Redmi Note 4 Build/NRD90M) AppleWebKit/537.36 (KHTML, like Gecko) Version/4.0 Chrome/71.0.3578.141 Mobile Safari/537.36 XiaoMi/MiuiBrowser/12.6.7-go"
2a02:2698:7006:1950:90a:8d3d:bcb0:19f8 - - [07/Dec/2020:06:49:01 +0300] "GET /wp-content/cache/minify/46863.js HTTP/2" 200 3878 "https://weblampa.ru/it-poleznyashki/spravochnik-po-nastroykam-bios.html" "Mozilla/5.0 (Linux; U; Android 7.0; ru-ru; Redmi Note 4 Build/NRD90M) AppleWebKit/537.36 (KHTML, like Gecko) Version/4.0 Chrome/71.0.3578.141 Mobile Safari/537.36 XiaoMi/MiuiBrowser/12.6.7-go"
2a02:2698:7006:1950:90a:8d3d:bcb0:19f8 - - [07/Dec/2020:06:49:01 +0300] "GET /wp-content/themes/flat/assets/fonts/fontawesome-webfont.woff2?v=4.3.0 HTTP/2" 200 56780 "https://weblampa.ru/wp-content/cache/minify/348fa.css" "Mozilla/5.0 (Linux; U; Android 7.0; ru-ru; Redmi Note 4 Build/NRD90M) AppleWebKit/537.36 (KHTML, like Gecko) Version/4.0 Chrome/71.0.3578.141 Mobile Safari/537.36 XiaoMi/MiuiBrowser/12.6.7-go"
2a02:2698:7006:1950:90a:8d3d:bcb0:19f8 - - [07/Dec/2020:06:49:01 +0300] "GET /wp-content/uploads/2016/04/kronos_at_mars_cc_by_macrebisz.jpg HTTP/2" 200 689920 "https://weblampa.ru/it-poleznyashki/spravochnik-po-nastroykam-bios.html" "Mozilla/5.0 (Linux; U; Android 7.0; ru-ru; Redmi Note 4 Build/NRD90M) AppleWebKit/537.36 (KHTML, like Gecko) Version/4.0 Chrome/71.0.3578.141 Mobile Safari/537.36 XiaoMi/MiuiBrowser/12.6.7-go"
2a02:2698:7006:1950:90a:8d3d:bcb0:19f8 - - [07/Dec/2020:06:49:06 +0300] "GET /wp-content/uploads/2016/03/cropped-Lamp-32x32.png HTTP/2" 200 1393 "https://weblampa.ru/it-poleznyashki/spravochnik-po-nastroykam-bios.html" "Mozilla/5.0 (Linux; U; Android 7.0; ru-ru; Redmi Note 4 Build/NRD90M) AppleWebKit/537.36 (KHTML, like Gecko) Version/4.0 Chrome/71.0.3578.141 Mobile Safari/537.36 XiaoMi/MiuiBrowser/12.6.7-go"
2a02:2698:7006:1950:90a:8d3d:bcb0:19f8 - - [07/Dec/2020:06:49:06 +0300] "GET /wp-content/uploads/2016/03/cropped-Lamp-192x192.png HTTP/2" 200 10996 "https://weblampa.ru/it-poleznyashki/spravochnik-po-nastroykam-bios.html" "Mozilla/5.0 (Linux; U; Android 7.0; ru-ru; Redmi Note 4 Build/NRD90M) AppleWebKit/537.36 (KHTML, like Gecko) Version/4.0 Chrome/71.0.3578.141 Mobile Safari/537.36 XiaoMi/MiuiBrowser/12.6.7-go"
188.166.119.235 - - [07/Dec/2020:06:50:40 +0300] "GET / HTTP/1.1" 302 682 "-" "Mozilla/5.0 (Windows NT 10.0; Win64; x64) AppleWebKit/537.36 (KHTML, like Gecko) Chrome/78.0.3904.108 Safari/537.36"
78.47.51.219 - - [07/Dec/2020:06:58:07 +0300] "GET /robots.txt HTTP/1.1" 200 206 "-" "Mozilla/5.0 (compatible; um-IC/1.0; mailto: techinfo@ubermetrics-technologies.com; Windows NT 6.1; WOW64; rv:40.0) Gecko/20100101 Firefox/40.1"
185.87.196.23 - - [07/Dec/2020:06:58:08 +0300] "POST /wp-cron.php?doing_wp_cron=1607313488.2404611110687255859375 HTTP/1.1" 200 - "https://weblampa.ru/wp-cron.php?doing_wp_cron=1607313488.2404611110687255859375" "WordPress/5.4.2; https://weblampa.ru"
78.47.51.219 - - [07/Dec/2020:06:58:07 +0300] "GET /comments/feed HTTP/1.1" 200 1829 "-" "Mozilla/5.0 (compatible; um-IC/1.0; mailto: techinfo@ubermetrics-technologies.com; Windows NT 6.1; WOW64; rv:40.0) Gecko/20100101 Firefox/40.1"
185.87.196.23 - - [07/Dec/2020:07:03:38 +0300] "POST /wp-cron.php?doing_wp_cron=1607313818.7215499877929687500000 HTTP/1.1" 200 - "https://weblampa.ru/wp-cron.php?doing_wp_cron=1607313818.7215499877929687500000" "WordPress/5.4.2; https://weblampa.ru"
168.119.51.156 - - [07/Dec/2020:07:03:38 +0300] "GET /topics/it-poleznyashki/feed HTTP/1.1" 200 14782 "-" "Mozilla/5.0 (compatible; um-IC/1.0; mailto: techinfo@ubermetrics-technologies.com; Windows NT 6.1; WOW64; rv:40.0) Gecko/20100101 Firefox/40.1"
2a00:5ba0:10:2242:3c52:7dff:fee6:7714 - - [07/Dec/2020:07:03:46 +0300] "GET / HTTP/1.1" 200 24767 "-" "Mozilla/5.0 (X11; Linux x86_64) AppleWebKit/537.36 (KHTML, like Gecko) Chrome/79.0.3945.79 Safari/537.36"
213.180.203.184 - - [07/Dec/2020:07:04:20 +0300] "GET / HTTP/1.1" 302 682 "-" "Mozilla/5.0 (compatible; YandexMetrika/2.0; +http://yandex.com/bots yabs01)"
213.180.203.184 - - [07/Dec/2020:07:04:20 +0300] "GET / HTTP/1.1" 200 24767 "-" "Mozilla/5.0 (compatible; YandexMetrika/2.0; +http://yandex.com/bots yabs01)"
185.87.196.23 - - [07/Dec/2020:07:16:19 +0300] "POST /wp-cron.php?doing_wp_cron=1607314579.7798449993133544921875 HTTP/1.1" 200 - "https://weblampa.ru/wp-cron.php?doing_wp_cron=1607314579.7798449993133544921875" "WordPress/5.4.2; https://weblampa.ru"
168.119.51.156 - - [07/Dec/2020:07:16:19 +0300] "GET /topics/nix/feed HTTP/1.1" 200 4578 "-" "Mozilla/5.0 (compatible; um-IC/1.0; mailto: techinfo@ubermetrics-technologies.com; Windows NT 6.1; WOW64; rv:40.0) Gecko/20100101 Firefox/40.1"
185.87.196.23 - - [07/Dec/2020:07:23:42 +0300] "POST /wp-cron.php?doing_wp_cron=1607315022.2537720203399658203125 HTTP/1.1" 200 - "https://weblampa.ru/wp-cron.php?doing_wp_cron=1607315022.2537720203399658203125" "WordPress/5.4.2; https://weblampa.ru"
66.249.64.160 - - [07/Dec/2020:07:23:41 +0300] "GET /nix/kak-zavershit-seans-drugogo-polzova.html HTTP/1.1" 200 10219 "-" "Mozilla/5.0 (Linux; Android 6.0.1; Nexus 5X Build/MMB29P) AppleWebKit/537.36 (KHTML, like Gecko) Chrome/86.0.4240.96 Mobile Safari/537.36 (compatible; Googlebot/2.1; +http://www.google.com/bot.html)"
114.119.150.4 - - [07/Dec/2020:07:23:57 +0300] "GET /it-poleznyashki/putty.html HTTP/1.1" 200 10249 "-" "Mozilla/5.0 (Linux; Android 7.0;) AppleWebKit/537.36 (KHTML, like Gecko) Mobile Safari/537.36 (compatible; PetalBot;+https://aspiegel.com/petalbot)"
2001:4ca0:108:42::24 - - [07/Dec/2020:07:25:46 +0300] "HEAD / HTTP/1.1" 405 - "-" "Mozilla/5.0 (Windows NT 6.1; Win64; x64) AppleWebKit/537.36 (KHTML, like Gecko) Chrome/40.0.2214.85 Safari/537.36"
185.87.196.23 - - [07/Dec/2020:07:33:30 +0300] "POST /wp-cron.php?doing_wp_cron=1607315610.2510581016540527343750 HTTP/1.1" 200 - "https://weblampa.ru/wp-cron.php?doing_wp_cron=1607315610.2510581016540527343750" "WordPress/5.4.2; https://weblampa.ru"
66.249.64.167 - - [07/Dec/2020:07:33:29 +0300] "GET /it-poleznyashki/ip-calc.html HTTP/1.1" 200 9698 "-" "Mozilla/5.0 (Linux; Android 6.0.1; Nexus 5X Build/MMB29P) AppleWebKit/537.36 (KHTML, like Gecko) Chrome/86.0.4240.96 Mobile Safari/537.36 (compatible; Googlebot/2.1; +http://www.google.com/bot.html)"
141.8.142.90 - - [07/Dec/2020:07:35:52 +0300] "GET / HTTP/1.1" 302 682 "-" "Mozilla/5.0 (compatible; YandexMetrika/2.0; +http://yandex.com/bots yabs01)"
213.180.203.184 - - [07/Dec/2020:07:35:52 +0300] "GET / HTTP/1.1" 200 24767 "-" "Mozilla/5.0 (compatible; YandexMetrika/2.0; +http://yandex.com/bots yabs01)"
168.119.51.156 - - [07/Dec/2020:07:39:16 +0300] "GET /topics/hardware/feed HTTP/1.1" 200 2208 "-" "Mozilla/5.0 (compatible; um-IC/1.0; mailto: techinfo@ubermetrics-technologies.com; Windows NT 6.1; WOW64; rv:40.0) Gecko/20100101 Firefox/40.1"
217.61.130.34 - - [07/Dec/2020:07:40:50 +0300] "POST /xmlrpc.php HTTP/1.1" 403 1083 "-" "Mozilla/5.0 (Linux; Android 7.1.1; CPH1723 Build/N6F26Q) AppleWebKit/537.36 (KHTML, like Gecko) Chrome/61.0.3163.98 Mobile Safari/537.36 wp-android/16.1"
62.210.205.141 - - [07/Dec/2020:07:42:41 +0300] "GET /wp-admin/ HTTP/1.1" 302 682 "http://weblampa.ru" "Mozilla/5.0 (Windows NT 6.1; Win64; x64) AppleWebKit/537.36 (KHTML, like Gecko) Chrome/59.0.3071.115 Safari/537.36"
62.210.205.141 - - [07/Dec/2020:07:42:44 +0300] "GET /wp-admin/ HTTP/1.1" 403 2687 "-" "Mozilla/5.0 (Windows NT 6.1; Win64; x64) AppleWebKit/537.36 (KHTML, like Gecko) Chrome/59.0.3071.115 Safari/537.36"
185.87.196.23 - - [07/Dec/2020:07:42:44 +0300] "POST /wp-cron.php?doing_wp_cron=1607316164.9047379493713378906250 HTTP/1.1" 200 - "https://weblampa.ru/wp-cron.php?doing_wp_cron=1607316164.9047379493713378906250" "WordPress/5.4.2; https://weblampa.ru"
66.249.64.167 - - [07/Dec/2020:07:43:37 +0300] "GET /nix/kak-zavershit-seans-drugogo-polzova.html HTTP/1.1" 200 10219 "-" "Mozilla/5.0 (compatible; Googlebot/2.1; +http://www.google.com/bot.html)"
178.155.6.65 - - [07/Dec/2020:07:44:31 +0300] "GET /it-poleznyashki/spravochnik-po-nastroykam-bios.html HTTP/1.1" 302 682 "http://weblampa.ru/" "Mozilla/5.0 (Windows NT 6.2; WOW64) AppleWebKit/537.15 (KHTML, like Gecko) Chrome/24.0.1295.0 Safari/537.15"
185.87.196.23 - - [07/Dec/2020:07:54:39 +0300] "POST /wp-cron.php?doing_wp_cron=1607316879.2751789093017578125000 HTTP/1.1" 200 - "https://weblampa.ru/wp-cron.php?doing_wp_cron=1607316879.2751789093017578125000" "WordPress/5.4.2; https://weblampa.ru"
114.119.150.4 - - [07/Dec/2020:07:54:38 +0300] "GET /it-poleznyashki/kak-udalit-isearch-omiga-plus-com.html HTTP/1.1" 200 11126 "-" "Mozilla/5.0 (Linux; Android 7.0;) AppleWebKit/537.36 (KHTML, like Gecko) Mobile Safari/537.36 (compatible; PetalBot;+https://aspiegel.com/petalbot)"
45.40.135.135 - - [07/Dec/2020:08:11:20 +0300] "GET /wp-includes/widgets/class-wp-widget-header.php HTTP/1.1" 302 682 "http://site.ru" "Mozilla/5.0 (Windows; U; Windows NT 5.1; en-US) AppleWebKit/533.4 (KHTML, like Gecko) Chrome/5.0.375.99 Safari/533.4"
185.87.196.23 - - [07/Dec/2020:08:11:21 +0300] "POST /wp-cron.php?doing_wp_cron=1607317881.8666949272155761718750 HTTP/1.1" 200 - "https://weblampa.ru/wp-cron.php?doing_wp_cron=1607317881.8666949272155761718750" "WordPress/5.4.2; https://weblampa.ru"
45.40.135.135 - - [07/Dec/2020:08:11:21 +0300] "GET /wp-includes/widgets/class-wp-widget-header.php HTTP/2" 404 22610 "http://site.ru" "Mozilla/5.0 (Windows; U; Windows NT 5.1; en-US) AppleWebKit/533.4 (KHTML, like Gecko) Chrome/5.0.375.99 Safari/533.4"
5.255.231.75 - - [07/Dec/2020:08:13:20 +0300] "GET / HTTP/1.1" 302 682 "-" "Mozilla/5.0 (compatible; YandexMetrika/2.0; +http://yandex.com/bots yabs01)"
5.45.207.74 - - [07/Dec/2020:08:13:20 +0300] "GET / HTTP/1.1" 200 24755 "-" "Mozilla/5.0 (compatible; YandexMetrika/2.0; +http://yandex.com/bots yabs01)"
185.2.4.79 - - [07/Dec/2020:08:16:57 +0300] "POST /xmlrpc.php HTTP/1.1" 403 1080 "-" "Mozilla/5.0 (Linux; Android 7.0; SM-J730GM Build/NRD90M) AppleWebKit/537.36 (KHTML, like Gecko) Chrome/63.0.3239.111 Mobile Safari/537.36 wp-android/16.1"
185.87.196.23 - - [07/Dec/2020:08:21:39 +0300] "POST /wp-cron.php?doing_wp_cron=1607318499.5947649478912353515625 HTTP/1.1" 200 - "https://weblampa.ru/wp-cron.php?doing_wp_cron=1607318499.5947649478912353515625" "WordPress/5.4.2; https://weblampa.ru"
195.91.239.114 - - [07/Dec/2020:08:21:39 +0300] "GET /it-poleznyashki/spravochnik-po-nastroykam-bios.html HTTP/2" 200 56515 "https://www.google.com/" "Mozilla/5.0 (Windows NT 10.0; Win64; x64) AppleWebKit/537.36 (KHTML, like Gecko) Chrome/87.0.4280.67 Safari/537.36 Edg/87.0.664.55"
195.91.239.114 - - [07/Dec/2020:08:21:40 +0300] "GET /wp-content/cache/minify/75021.css HTTP/1.1" 200 17546 "https://weblampa.ru/it-poleznyashki/spravochnik-po-nastroykam-bios.html" "Mozilla/5.0 (Windows NT 10.0; Win64; x64) AppleWebKit/537.36 (KHTML, like Gecko) Chrome/87.0.4280.67 Safari/537.36 Edg/87.0.664.55"
195.91.239.114 - - [07/Dec/2020:08:21:40 +0300] "GET /wp-content/cache/minify/348fa.css HTTP/1.1" 200 27963 "https://weblampa.ru/it-poleznyashki/spravochnik-po-nastroykam-bios.html" "Mozilla/5.0 (Windows NT 10.0; Win64; x64) AppleWebKit/537.36 (KHTML, like Gecko) Chrome/87.0.4280.67 Safari/537.36 Edg/87.0.664.55"
195.91.239.114 - - [07/Dec/2020:08:21:40 +0300] "GET /wp-content/cache/minify/f6b37.js HTTP/1.1" 200 46427 "https://weblampa.ru/it-poleznyashki/spravochnik-po-nastroykam-bios.html" "Mozilla/5.0 (Windows NT 10.0; Win64; x64) AppleWebKit/537.36 (KHTML, like Gecko) Chrome/87.0.4280.67 Safari/537.36 Edg/87.0.664.55"
195.91.239.114 - - [07/Dec/2020:08:21:40 +0300] "GET /wp-content/uploads/2016/03/Lamplogo1.png HTTP/1.1" 200 9627 "https://weblampa.ru/it-poleznyashki/spravochnik-po-nastroykam-bios.html" "Mozilla/5.0 (Windows NT 10.0; Win64; x64) AppleWebKit/537.36 (KHTML, like Gecko) Chrome/87.0.4280.67 Safari/537.36 Edg/87.0.664.55"
195.91.239.114 - - [07/Dec/2020:08:21:40 +0300] "GET /wp-includes/js/wp-emoji-release.min.js?ver=5.4.2 HTTP/1.1" 200 4276 "https://weblampa.ru/it-poleznyashki/spravochnik-po-nastroykam-bios.html" "Mozilla/5.0 (Windows NT 10.0; Win64; x64) AppleWebKit/537.36 (KHTML, like Gecko) Chrome/87.0.4280.67 Safari/537.36 Edg/87.0.664.55"
195.91.239.114 - - [07/Dec/2020:08:21:41 +0300] "GET /wp-content/cache/minify/f8767.js HTTP/1.1" 200 440 "https://weblampa.ru/it-poleznyashki/spravochnik-po-nastroykam-bios.html" "Mozilla/5.0 (Windows NT 10.0; Win64; x64) AppleWebKit/537.36 (KHTML, like Gecko) Chrome/87.0.4280.67 Safari/537.36 Edg/87.0.664.55"
195.91.239.114 - - [07/Dec/2020:08:21:41 +0300] "GET /wp-content/cache/minify/c2bba.js HTTP/1.1" 200 505 "https://weblampa.ru/it-poleznyashki/spravochnik-po-nastroykam-bios.html" "Mozilla/5.0 (Windows NT 10.0; Win64; x64) AppleWebKit/537.36 (KHTML, like Gecko) Chrome/87.0.4280.67 Safari/537.36 Edg/87.0.664.55"
195.91.239.114 - - [07/Dec/2020:08:21:41 +0300] "GET /wp-content/cache/minify/0661a.js HTTP/1.1" 200 1564 "https://weblampa.ru/it-poleznyashki/spravochnik-po-nastroykam-bios.html" "Mozilla/5.0 (Windows NT 10.0; Win64; x64) AppleWebKit/537.36 (KHTML, like Gecko) Chrome/87.0.4280.67 Safari/537.36 Edg/87.0.664.55"
195.91.239.114 - - [07/Dec/2020:08:21:41 +0300] "GET /wp-content/cache/minify/72637.js HTTP/1.1" 200 2064 "https://weblampa.ru/it-poleznyashki/spravochnik-po-nastroykam-bios.html" "Mozilla/5.0 (Windows NT 10.0; Win64; x64) AppleWebKit/537.36 (KHTML, like Gecko) Chrome/87.0.4280.67 Safari/537.36 Edg/87.0.664.55"
195.91.239.114 - - [07/Dec/2020:08:21:41 +0300] "GET /wp-content/cache/minify/46863.js HTTP/1.1" 200 3878 "https://weblampa.ru/it-poleznyashki/spravochnik-po-nastroykam-bios.html" "Mozilla/5.0 (Windows NT 10.0; Win64; x64) AppleWebKit/537.36 (KHTML, like Gecko) Chrome/87.0.4280.67 Safari/537.36 Edg/87.0.664.55"
195.91.239.114 - - [07/Dec/2020:08:21:42 +0300] "GET /wp-content/themes/flat/assets/fonts/fontawesome-webfont.woff2?v=4.3.0 HTTP/1.1" 200 56780 "https://weblampa.ru/wp-content/cache/minify/348fa.css" "Mozilla/5.0 (Windows NT 10.0; Win64; x64) AppleWebKit/537.36 (KHTML, like Gecko) Chrome/87.0.4280.67 Safari/537.36 Edg/87.0.664.55"
195.91.239.114 - - [07/Dec/2020:08:21:42 +0300] "GET /wp-content/uploads/2016/04/kronos_at_mars_cc_by_macrebisz.jpg HTTP/1.1" 200 689920 "https://weblampa.ru/it-poleznyashki/spravochnik-po-nastroykam-bios.html" "Mozilla/5.0 (Windows NT 10.0; Win64; x64) AppleWebKit/537.36 (KHTML, like Gecko) Chrome/87.0.4280.67 Safari/537.36 Edg/87.0.664.55"
195.91.239.114 - - [07/Dec/2020:08:21:43 +0300] "GET /wp-content/uploads/2016/03/cropped-Lamp-32x32.png HTTP/1.1" 200 1393 "https://weblampa.ru/it-poleznyashki/spravochnik-po-nastroykam-bios.html" "Mozilla/5.0 (Windows NT 10.0; Win64; x64) AppleWebKit/537.36 (KHTML, like Gecko) Chrome/87.0.4280.67 Safari/537.36 Edg/87.0.664.55"
66.249.64.163 - - [07/Dec/2020:08:23:33 +0300] "GET /robots.txt HTTP/1.1" 200 180 "-" "Mozilla/5.0 (compatible; Googlebot/2.1; +http://www.google.com/bot.html)"
66.249.64.160 - - [07/Dec/2020:08:23:34 +0300] "GET /it-poleznyashki/ssh-server-refused-our-key.html HTTP/1.1" 200 12100 "-" "Mozilla/5.0 (Linux; Android 6.0.1; Nexus 5X Build/MMB29P) AppleWebKit/537.36 (KHTML, like Gecko) Chrome/86.0.4240.96 Mobile Safari/537.36 (compatible; Googlebot/2.1; +http://www.google.com/bot.html)"
95.163.114.198 - - [07/Dec/2020:08:27:04 +0300] "GET / HTTP/1.1" 200 129580 "-" "Mozilla/5.0 (X11; Linux x86_64) AppleWebKit/537.36 (KHTML, like Gecko) Chrome/37.0.2062.120 Safari/537.36"
66.102.9.163 - - [07/Dec/2020:08:27:44 +0300] "GET / HTTP/1.1" 302 682 "-" "Mozilla/5.0 (X11; Linux x86_64) AppleWebKit/537.36 (KHTML, like Gecko) Chrome/49.0.2623.75 Safari/537.36 Google Favicon"
66.102.9.168 - - [07/Dec/2020:08:27:44 +0300] "GET / HTTP/1.1" 200 24755 "-" "Mozilla/5.0 (X11; Linux x86_64) AppleWebKit/537.36 (KHTML, like Gecko) Chrome/49.0.2623.75 Safari/537.36 Google Favicon"
66.102.9.168 - - [07/Dec/2020:08:27:44 +0300] "GET /wp-content/uploads/2016/03/cropped-Lamp-32x32.png HTTP/1.1" 200 1393 "-" "Mozilla/5.0 (X11; Linux x86_64) AppleWebKit/537.36 (KHTML, like Gecko) Chrome/49.0.2623.75 Safari/537.36 Google Favicon"
167.172.245.44 - - [07/Dec/2020:08:30:57 +0300] "GET / HTTP/1.0" 301 - "-" "Mozilla/5.0 (compatible; NetcraftSurveyAgent/1.0; +info@netcraft.com)"
66.249.64.163 - - [07/Dec/2020:08:33:40 +0300] "GET /it-poleznyashki/spravochnik-po-nastroykam-bios.html HTTP/1.1" 200 56515 "-" "Mozilla/5.0 (compatible; Googlebot/2.1; +http://www.google.com/bot.html)"
216.244.66.249 - - [07/Dec/2020:08:40:57 +0300] "GET /robots.txt HTTP/1.1" 302 682 "-" "Mozilla/5.0 (compatible; DotBot/1.1; http://www.opensiteexplorer.org/dotbot, help@moz.com)"
185.87.196.23 - - [07/Dec/2020:08:40:58 +0300] "POST /wp-cron.php?doing_wp_cron=1607319658.6577730178833007812500 HTTP/1.1" 200 - "https://weblampa.ru/wp-cron.php?doing_wp_cron=1607319658.6577730178833007812500" "WordPress/5.4.2; https://weblampa.ru"
216.244.66.249 - - [07/Dec/2020:08:40:58 +0300] "GET /robots.txt HTTP/1.1" 403 1084 "-" "Mozilla/5.0 (compatible; DotBot/1.1; http://www.opensiteexplorer.org/dotbot, help@moz.com)"
5.138.224.211 - - [07/Dec/2020:08:41:22 +0300] "GET /it-poleznyashki/spravochnik-po-nastroykam-bios.html HTTP/1.1" 200 56515 "-" "Mozilla/5.0 (Windows NT 10.0; Win64; x64) AppleWebKit/537.36 (KHTML, like Gecko) Chrome/86.0.4240.198 Safari/537.36 OPR/72.0.3815.400"
5.138.224.211 - - [07/Dec/2020:08:41:24 +0300] "GET /wp-content/cache/minify/75021.css HTTP/1.1" 200 17546 "https://weblampa.ru/it-poleznyashki/spravochnik-po-nastroykam-bios.html" "Mozilla/5.0 (Windows NT 10.0; Win64; x64) AppleWebKit/537.36 (KHTML, like Gecko) Chrome/86.0.4240.198 Safari/537.36 OPR/72.0.3815.400"
5.138.224.211 - - [07/Dec/2020:08:41:24 +0300] "GET /wp-content/cache/minify/348fa.css HTTP/1.1" 200 27963 "https://weblampa.ru/it-poleznyashki/spravochnik-po-nastroykam-bios.html" "Mozilla/5.0 (Windows NT 10.0; Win64; x64) AppleWebKit/537.36 (KHTML, like Gecko) Chrome/86.0.4240.198 Safari/537.36 OPR/72.0.3815.400"
5.138.224.211 - - [07/Dec/2020:08:41:25 +0300] "GET /wp-content/cache/minify/f6b37.js HTTP/1.1" 200 46427 "https://weblampa.ru/it-poleznyashki/spravochnik-po-nastroykam-bios.html" "Mozilla/5.0 (Windows NT 10.0; Win64; x64) AppleWebKit/537.36 (KHTML, like Gecko) Chrome/86.0.4240.198 Safari/537.36 OPR/72.0.3815.400"
5.138.224.211 - - [07/Dec/2020:08:41:26 +0300] "GET /wp-includes/js/wp-emoji-release.min.js?ver=5.4.2 HTTP/1.1" 200 4276 "https://weblampa.ru/it-poleznyashki/spravochnik-po-nastroykam-bios.html" "Mozilla/5.0 (Windows NT 10.0; Win64; x64) AppleWebKit/537.36 (KHTML, like Gecko) Chrome/86.0.4240.198 Safari/537.36 OPR/72.0.3815.400"
5.138.224.211 - - [07/Dec/2020:08:41:27 +0300] "GET /wp-content/cache/minify/f8767.js HTTP/1.1" 200 440 "https://weblampa.ru/it-poleznyashki/spravochnik-po-nastroykam-bios.html" "Mozilla/5.0 (Windows NT 10.0; Win64; x64) AppleWebKit/537.36 (KHTML, like Gecko) Chrome/86.0.4240.198 Safari/537.36 OPR/72.0.3815.400"
5.138.224.211 - - [07/Dec/2020:08:41:27 +0300] "GET /wp-content/cache/minify/c2bba.js HTTP/1.1" 200 505 "https://weblampa.ru/it-poleznyashki/spravochnik-po-nastroykam-bios.html" "Mozilla/5.0 (Windows NT 10.0; Win64; x64) AppleWebKit/537.36 (KHTML, like Gecko) Chrome/86.0.4240.198 Safari/537.36 OPR/72.0.3815.400"
5.138.224.211 - - [07/Dec/2020:08:41:27 +0300] "GET /wp-content/cache/minify/0661a.js HTTP/1.1" 200 1564 "https://weblampa.ru/it-poleznyashki/spravochnik-po-nastroykam-bios.html" "Mozilla/5.0 (Windows NT 10.0; Win64; x64) AppleWebKit/537.36 (KHTML, like Gecko) Chrome/86.0.4240.198 Safari/537.36 OPR/72.0.3815.400"
5.138.224.211 - - [07/Dec/2020:08:41:28 +0300] "GET /wp-content/cache/minify/72637.js HTTP/1.1" 200 2064 "https://weblampa.ru/it-poleznyashki/spravochnik-po-nastroykam-bios.html" "Mozilla/5.0 (Windows NT 10.0; Win64; x64) AppleWebKit/537.36 (KHTML, like Gecko) Chrome/86.0.4240.198 Safari/537.36 OPR/72.0.3815.400"
5.138.224.211 - - [07/Dec/2020:08:41:29 +0300] "GET /wp-content/cache/minify/46863.js HTTP/1.1" 200 3878 "https://weblampa.ru/it-poleznyashki/spravochnik-po-nastroykam-bios.html" "Mozilla/5.0 (Windows NT 10.0; Win64; x64) AppleWebKit/537.36 (KHTML, like Gecko) Chrome/86.0.4240.198 Safari/537.36 OPR/72.0.3815.400"
5.138.224.211 - - [07/Dec/2020:08:41:32 +0300] "GET /wp-content/themes/flat/assets/fonts/fontawesome-webfont.woff2?v=4.3.0 HTTP/1.1" 200 56780 "https://weblampa.ru/wp-content/cache/minify/348fa.css" "Mozilla/5.0 (Windows NT 10.0; Win64; x64) AppleWebKit/537.36 (KHTML, like Gecko) Chrome/86.0.4240.198 Safari/537.36 OPR/72.0.3815.400"
5.138.224.211 - - [07/Dec/2020:08:41:34 +0300] "GET /wp-content/uploads/2016/04/kronos_at_mars_cc_by_macrebisz.jpg HTTP/1.1" 200 689920 "https://weblampa.ru/it-poleznyashki/spravochnik-po-nastroykam-bios.html" "Mozilla/5.0 (Windows NT 10.0; Win64; x64) AppleWebKit/537.36 (KHTML, like Gecko) Chrome/86.0.4240.198 Safari/537.36 OPR/72.0.3815.400"
216.244.66.249 - - [07/Dec/2020:08:42:23 +0300] "GET / HTTP/1.1" 403 1228 "-" "Mozilla/5.0 (compatible; DotBot/1.1; http://www.opensiteexplorer.org/dotbot, help@moz.com)"
168.119.51.159 - - [07/Dec/2020:08:43:55 +0300] "GET /robots.txt HTTP/1.1" 200 36 "-" "Mozilla/5.0 (compatible; um-IC/1.0; mailto: techinfo@ubermetrics-technologies.com; Windows NT 6.1; WOW64; rv:40.0) Gecko/20100101 Firefox/40.1"
185.87.196.23 - - [07/Dec/2020:08:43:56 +0300] "POST /wp-cron.php?doing_wp_cron=1607319835.9792060852050781250000 HTTP/1.1" 200 - "https://weblampa.ru/wp-cron.php?doing_wp_cron=1607319835.9792060852050781250000" "WordPress/5.4.2; https://weblampa.ru"
168.119.51.159 - - [07/Dec/2020:08:43:55 +0300] "GET /topics/i_use_it/feed HTTP/1.1" 200 1623 "-" "Mozilla/5.0 (compatible; um-IC/1.0; mailto: techinfo@ubermetrics-technologies.com; Windows NT 6.1; WOW64; rv:40.0) Gecko/20100101 Firefox/40.1"
78.47.51.219 - - [07/Dec/2020:08:46:22 +0300] "GET /robots.txt HTTP/1.1" 200 36 "-" "Mozilla/5.0 (compatible; um-IC/1.0; mailto: techinfo@ubermetrics-technologies.com; Windows NT 6.1; WOW64; rv:40.0) Gecko/20100101 Firefox/40.1"
78.47.51.219 - - [07/Dec/2020:08:46:22 +0300] "GET /topics/vms/feed HTTP/1.1" 200 1397 "-" "Mozilla/5.0 (compatible; um-IC/1.0; mailto: techinfo@ubermetrics-technologies.com; Windows NT 6.1; WOW64; rv:40.0) Gecko/20100101 Firefox/40.1"
213.180.203.2 - - [07/Dec/2020:08:48:20 +0300] "GET / HTTP/1.1" 302 682 "-" "Mozilla/5.0 (compatible; YandexMetrika/2.0; +http://yandex.com/bots yabs01)"
141.8.142.90 - - [07/Dec/2020:08:48:20 +0300] "GET / HTTP/1.1" 200 24755 "-" "Mozilla/5.0 (compatible; YandexMetrika/2.0; +http://yandex.com/bots yabs01)"
13.66.139.75 - - [07/Dec/2020:08:54:41 +0300] "GET /it-poleznyashki/wikidevi.html HTTP/1.1" 403 1102 "-" "Mozilla/5.0 (compatible; bingbot/2.0; +http://www.bing.com/bingbot.htm)"
13.66.139.75 - - [07/Dec/2020:08:54:42 +0300] "GET /it-poleznyashki/wikidevi.html HTTP/1.0" 403 1082 "-" "Mozilla/5.0 (compatible; bingbot/2.0; +http://www.bing.com/bingbot.htm)"
92.124.205.29 - - [07/Dec/2020:09:03:46 +0300] "GET /wp-content/uploads/2016/02/3.8-744x568.png HTTP/2" 200 117604 "https://yandex.ru/images/search?pos=3&img_url=https%3A%2F%2Fit.rfei.ru%2Fstatic%2Frealms%2Frfei_it%2Fcourses%2FGZqN%2F3.8.png&text=%D1%81%D0%B5%D0%B3%D0%BC%D0%B5%D0%BD%D1%82%20%D0%BF%D0%B0%D0%BA%D0%B5%D1%82%20%D0%BA%D0%B0%D0%B4%D1%80&lr=198&rpt=simage&source=wiz" "Mozilla/5.0 (Windows NT 10.0; Win64; x64) AppleWebKit/537.36 (KHTML, like Gecko) Chrome/86.0.4240.185 YaBrowser/20.11.2.78 Yowser/2.5 Safari/537.36"
91.203.238.9 - - [07/Dec/2020:09:20:52 +0300] "GET /nix/kak-zavershit-seans-drugogo-polzova.html HTTP/2" 200 10219 "https://yandex.ru/" "Mozilla/5.0 (Windows NT 10.0; Win64; x64) AppleWebKit/537.36 (KHTML, like Gecko) Chrome/86.0.4240.185 YaBrowser/20.11.2.78 Yowser/2.5 Safari/537.36"
91.203.238.9 - - [07/Dec/2020:09:20:53 +0300] "GET /wp-content/cache/minify/75021.css HTTP/2" 200 17546 "https://weblampa.ru/nix/kak-zavershit-seans-drugogo-polzova.html" "Mozilla/5.0 (Windows NT 10.0; Win64; x64) AppleWebKit/537.36 (KHTML, like Gecko) Chrome/86.0.4240.185 YaBrowser/20.11.2.78 Yowser/2.5 Safari/537.36"
91.203.238.9 - - [07/Dec/2020:09:20:53 +0300] "GET /wp-content/cache/minify/348fa.css HTTP/2" 200 27963 "https://weblampa.ru/nix/kak-zavershit-seans-drugogo-polzova.html" "Mozilla/5.0 (Windows NT 10.0; Win64; x64) AppleWebKit/537.36 (KHTML, like Gecko) Chrome/86.0.4240.185 YaBrowser/20.11.2.78 Yowser/2.5 Safari/537.36"
91.203.238.9 - - [07/Dec/2020:09:20:53 +0300] "GET /wp-content/cache/minify/f6b37.js HTTP/2" 200 46427 "https://weblampa.ru/nix/kak-zavershit-seans-drugogo-polzova.html" "Mozilla/5.0 (Windows NT 10.0; Win64; x64) AppleWebKit/537.36 (KHTML, like Gecko) Chrome/86.0.4240.185 YaBrowser/20.11.2.78 Yowser/2.5 Safari/537.36"
91.203.238.9 - - [07/Dec/2020:09:20:53 +0300] "GET /wp-content/uploads/2016/03/Lamplogo1.png HTTP/2" 200 9627 "https://weblampa.ru/nix/kak-zavershit-seans-drugogo-polzova.html" "Mozilla/5.0 (Windows NT 10.0; Win64; x64) AppleWebKit/537.36 (KHTML, like Gecko) Chrome/86.0.4240.185 YaBrowser/20.11.2.78 Yowser/2.5 Safari/537.36"
91.203.238.9 - - [07/Dec/2020:09:20:53 +0300] "GET /wp-content/cache/minify/f8767.js HTTP/2" 200 440 "https://weblampa.ru/nix/kak-zavershit-seans-drugogo-polzova.html" "Mozilla/5.0 (Windows NT 10.0; Win64; x64) AppleWebKit/537.36 (KHTML, like Gecko) Chrome/86.0.4240.185 YaBrowser/20.11.2.78 Yowser/2.5 Safari/537.36"
91.203.238.9 - - [07/Dec/2020:09:20:53 +0300] "GET /wp-content/cache/minify/c2bba.js HTTP/2" 200 505 "https://weblampa.ru/nix/kak-zavershit-seans-drugogo-polzova.html" "Mozilla/5.0 (Windows NT 10.0; Win64; x64) AppleWebKit/537.36 (KHTML, like Gecko) Chrome/86.0.4240.185 YaBrowser/20.11.2.78 Yowser/2.5 Safari/537.36"
91.203.238.9 - - [07/Dec/2020:09:20:53 +0300] "GET /wp-content/cache/minify/0661a.js HTTP/2" 200 1564 "https://weblampa.ru/nix/kak-zavershit-seans-drugogo-polzova.html" "Mozilla/5.0 (Windows NT 10.0; Win64; x64) AppleWebKit/537.36 (KHTML, like Gecko) Chrome/86.0.4240.185 YaBrowser/20.11.2.78 Yowser/2.5 Safari/537.36"
91.203.238.9 - - [07/Dec/2020:09:20:53 +0300] "GET /wp-content/cache/minify/72637.js HTTP/2" 200 2064 "https://weblampa.ru/nix/kak-zavershit-seans-drugogo-polzova.html" "Mozilla/5.0 (Windows NT 10.0; Win64; x64) AppleWebKit/537.36 (KHTML, like Gecko) Chrome/86.0.4240.185 YaBrowser/20.11.2.78 Yowser/2.5 Safari/537.36"
91.203.238.9 - - [07/Dec/2020:09:20:53 +0300] "GET /wp-content/cache/minify/46863.js HTTP/2" 200 3878 "https://weblampa.ru/nix/kak-zavershit-seans-drugogo-polzova.html" "Mozilla/5.0 (Windows NT 10.0; Win64; x64) AppleWebKit/537.36 (KHTML, like Gecko) Chrome/86.0.4240.185 YaBrowser/20.11.2.78 Yowser/2.5 Safari/537.36"
91.203.238.9 - - [07/Dec/2020:09:20:53 +0300] "GET /wp-includes/js/wp-emoji-release.min.js?ver=5.4.2 HTTP/2" 200 4276 "https://weblampa.ru/nix/kak-zavershit-seans-drugogo-polzova.html" "Mozilla/5.0 (Windows NT 10.0; Win64; x64) AppleWebKit/537.36 (KHTML, like Gecko) Chrome/86.0.4240.185 YaBrowser/20.11.2.78 Yowser/2.5 Safari/537.36"
91.203.238.9 - - [07/Dec/2020:09:20:53 +0300] "GET /wp-content/themes/flat/assets/fonts/fontawesome-webfont.woff2?v=4.3.0 HTTP/2" 200 56780 "https://weblampa.ru/wp-content/cache/minify/348fa.css" "Mozilla/5.0 (Windows NT 10.0; Win64; x64) AppleWebKit/537.36 (KHTML, like Gecko) Chrome/86.0.4240.185 YaBrowser/20.11.2.78 Yowser/2.5 Safari/537.36"
91.203.238.9 - - [07/Dec/2020:09:20:53 +0300] "GET /wp-content/uploads/2016/04/kronos_at_mars_cc_by_macrebisz.jpg HTTP/2" 200 689920 "https://weblampa.ru/nix/kak-zavershit-seans-drugogo-polzova.html" "Mozilla/5.0 (Windows NT 10.0; Win64; x64) AppleWebKit/537.36 (KHTML, like Gecko) Chrome/86.0.4240.185 YaBrowser/20.11.2.78 Yowser/2.5 Safari/537.36"
91.203.238.9 - - [07/Dec/2020:09:20:54 +0300] "GET /wp-content/uploads/2016/03/cropped-Lamp-32x32.png HTTP/2" 200 1393 "https://weblampa.ru/nix/kak-zavershit-seans-drugogo-polzova.html" "Mozilla/5.0 (Windows NT 10.0; Win64; x64) AppleWebKit/537.36 (KHTML, like Gecko) Chrome/86.0.4240.185 YaBrowser/20.11.2.78 Yowser/2.5 Safari/537.36"
141.8.142.90 - - [07/Dec/2020:09:23:32 +0300] "GET / HTTP/1.1" 302 682 "-" "Mozilla/5.0 (compatible; YandexMetrika/2.0; +http://yandex.com/bots yabs01)"
